07/16 13:15:23.500: [amf] INFO: gNB-N2 accepted[127.0.0.1]:38465 in ng-path module (../src/amf/ngap-sctp.c:113)
07/16 13:15:23.500: [amf] INFO: gNB-N2 accepted[127.0.0.1] in master_sm module (../src/amf/amf-sm.c:818)
07/16 13:15:23.504: [amf] INFO: [Added] Number of gNBs is now 1 (../src/amf/context.c:1277)
07/16 13:15:23.505: [amf] INFO: gNB-N2[127.0.0.1] max_num_of_ostreams : 10 (../src/amf/amf-sm.c:865)
07/16 13:16:16.740: [amf] INFO: InitialUEMessage (../src/amf/ngap-handler.c:668)
07/16 13:16:16.740: [amf] INFO: [Added] Number of gNB-UEs is now 1 (../src/amf/context.c:2932)
07/16 13:16:16.740: [amf] INFO:     RAN_UE_NGAP_ID[1] AMF_UE_NGAP_ID[161] TAC[1] CellID[0x10] (../src/amf/ngap-handler.c:878)
07/16 13:16:16.740: [amf] INFO: [suci-0-999-70-0000-0-0-0000000001] Unknown UE by SUCI (../src/amf/context.c:1934)
07/16 13:16:16.740: [amf] INFO: [Added] Number of AMF-UEs is now 1 (../src/amf/context.c:1699)
07/16 13:16:16.741: [gmm] INFO: Registration request (../src/amf/gmm-sm.c:1678)
07/16 13:16:16.741: [gmm] INFO: [suci-0-999-70-0000-0-0-0000000001]    SUCI (../src/amf/gmm-handler.c:186)
07/16 13:16:16.741: [sbi] INFO: [715d52ae-801c-41f1-8220-c30206448686] Setup NF Instance [type:AUSF] (../lib/sbi/path.c:349)
07/16 13:16:16.745: [amf] INFO: Setup NF EndPoint(addr) [127.0.0.11:7777] (../src/amf/nausf-handler.c:130)
07/16 13:16:16.750: [sbi] INFO: [715ead2a-801c-41f1-9e1a-b5b5c2dd85b8] Setup NF Instance [type:UDM] (../lib/sbi/path.c:349)
07/16 13:16:16.751: [sbi] INFO: [715ead2a-801c-41f1-9e1a-b5b5c2dd85b8] Setup NF Instance [type:UDM] (../lib/sbi/path.c:349)
07/16 13:16:16.755: [amf] INFO: Setup NF EndPoint(addr) [127.0.0.12:7777] (../src/amf/nudm-handler.c:422)
07/16 13:16:16.756: [sbi] INFO: [73002d34-801c-41f1-8ee1-b5e7ad162600] Setup NF Instance [type:PCF] (../lib/sbi/path.c:349)
07/16 13:16:16.760: [amf] INFO: Setup NF EndPoint(addr) [127.0.0.13:7777] (../src/amf/npcf-handler.c:143)
07/16 13:16:16.972: [gmm] INFO: [imsi-999700000000001] Registration complete (../src/amf/gmm-sm.c:3165)
07/16 13:16:16.972: [amf] INFO: [imsi-999700000000001] Configuration update command (../src/amf/nas-path.c:609)
07/16 13:16:16.972: [gmm] INFO:     UTC [2026-07-16T07:46:16] Timezone[0]/DST[0] (../src/amf/gmm-build.c:551)
07/16 13:16:16.972: [gmm] INFO:     LOCAL [2026-07-16T13:16:16] Timezone[19800]/DST[0] (../src/amf/gmm-build.c:556)
07/16 13:16:16.972: [amf] INFO: [Added] Number of AMF-Sessions is now 1 (../src/amf/context.c:2953)
07/16 13:16:16.972: [gmm] INFO: UE SUPI[imsi-999700000000001] DNN[internet] LBO[0] S_NSSAI[SST:1 SD:0x1] smContextRef[NULL] smContextResourceURI[NULL] (../src/amf/gmm-handler.c:1430)
07/16 13:16:16.972: [gmm] INFO: V-SMF Instance [71651ba6-801c-41f1-9f80-bdddac2ac850](LIST) (../src/amf/gmm-handler.c:1507)
07/16 13:16:16.972: [gmm] INFO: [71651ba6-801c-41f1-9f80-bdddac2ac850] Setup NF Instance [type:SMF] (../src/amf/gmm-handler.c:1509)
07/16 13:16:16.972: [gmm] INFO: V-SMF Instance [71651ba6-801c-41f1-9f80-bdddac2ac850] (../src/amf/gmm-handler.c:1519)
07/16 13:16:16.972: [gmm] INFO: V-SMF discovered in Non-Roaming or LBO-Roaming[0] (../src/amf/gmm-handler.c:1588)
07/16 13:16:16.972: [gmm] INFO: nsmf_pdusession [1:0x5c62e88175f0:(nil)] (../src/amf/gmm-handler.c:1628)
07/16 13:16:16.979: [amf] INFO: Setup NF EndPoint(addr) [127.0.0.4:7777] (../src/amf/nsmf-handler.c:140)
07/16 13:16:16.991: [amf] INFO: [imsi-999700000000001:1:11][0:0:NULL] /nsmf-pdusession/v1/sm-contexts/{smContextRef}/modify (../src/amf/nsmf-handler.c:983)
07/16 13:16:17.458: [amf] INFO: InitialUEMessage (../src/amf/ngap-handler.c:668)
07/16 13:16:17.458: [amf] INFO: [Added] Number of gNB-UEs is now 2 (../src/amf/context.c:2932)
07/16 13:16:17.458: [amf] INFO:     RAN_UE_NGAP_ID[2] AMF_UE_NGAP_ID[162] TAC[1] CellID[0x10] (../src/amf/ngap-handler.c:878)
07/16 13:16:17.458: [amf] INFO: [suci-0-999-70-0000-0-0-0000000001] known UE by SUCI (../src/amf/context.c:1932)
07/16 13:16:17.458: [amf] WARNING: [suci-0-999-70-0000-0-0-0000000001] Holding NG Context (../src/amf/amf-sm.c:1042)
07/16 13:16:17.458: [amf] WARNING: [suci-0-999-70-0000-0-0-0000000001]    RAN_UE_NGAP_ID[1] AMF_UE_NGAP_ID[161] (../src/amf/amf-sm.c:1042)
07/16 13:16:17.458: [gmm] INFO: Registration request (../src/amf/gmm-sm.c:1678)
07/16 13:16:17.458: [gmm] INFO: [suci-0-999-70-0000-0-0-0000000001]    SUCI (../src/amf/gmm-handler.c:186)
07/16 13:16:17.462: [amf] INFO: [imsi-999700000000001:1] Release SM context [204] (../src/amf/amf-sm.c:615)
07/16 13:16:17.462: [amf] INFO: [imsi-999700000000001:1] Release SM Context [state:31] (../src/amf/nsmf-handler.c:1200)
07/16 13:16:17.462: [amf] INFO: [Removed] Number of AMF-Sessions is now 0 (../src/amf/context.c:2960)
07/16 13:16:17.463: [amf] WARNING: UnRef NF EndPoint(addr) [127.0.0.11:7777] (../src/amf/nausf-handler.c:130)
07/16 13:16:17.463: [amf] INFO: Setup NF EndPoint(addr) [127.0.0.11:7777] (../src/amf/nausf-handler.c:130)
07/16 13:16:17.468: [gmm] WARNING: [suci-0-999-70-0000-0-0-0000000001] Clear NG Context (../src/amf/gmm-sm.c:2597)
07/16 13:16:17.468: [gmm] WARNING: [suci-0-999-70-0000-0-0-0000000001]    RAN_UE_NGAP_ID[1] AMF_UE_NGAP_ID[161] (../src/amf/gmm-sm.c:2597)
07/16 13:16:17.468: [amf] INFO: UE Context Release [Action:1] (../src/amf/ngap-handler.c:1961)
07/16 13:16:17.468: [amf] INFO:     RAN_UE_NGAP_ID[1] AMF_UE_NGAP_ID[161] (../src/amf/ngap-handler.c:1962)
07/16 13:16:17.468: [amf] INFO: [Removed] Number of gNB-UEs is now 1 (../src/amf/context.c:2939)
07/16 13:16:17.473: [amf] WARNING: UnRef NF EndPoint(addr) [127.0.0.13:7777] (../src/amf/npcf-handler.c:143)
07/16 13:16:17.473: [amf] INFO: Setup NF EndPoint(addr) [127.0.0.13:7777] (../src/amf/npcf-handler.c:143)
07/16 13:16:17.677: [gmm] INFO: [imsi-999700000000001] Registration complete (../src/amf/gmm-sm.c:3165)
07/16 13:16:17.677: [amf] INFO: [imsi-999700000000001] Configuration update command (../src/amf/nas-path.c:609)
07/16 13:16:17.677: [gmm] INFO:     UTC [2026-07-16T07:46:17] Timezone[0]/DST[0] (../src/amf/gmm-build.c:551)
07/16 13:16:17.677: [gmm] INFO:     LOCAL [2026-07-16T13:16:17] Timezone[19800]/DST[0] (../src/amf/gmm-build.c:556)
07/16 13:16:17.677: [amf] INFO: [Added] Number of AMF-Sessions is now 1 (../src/amf/context.c:2953)
07/16 13:16:17.677: [gmm] INFO: UE SUPI[imsi-999700000000001] DNN[internet] LBO[0] S_NSSAI[SST:1 SD:0x1] smContextRef[NULL] smContextResourceURI[NULL] (../src/amf/gmm-handler.c:1430)
07/16 13:16:17.677: [gmm] INFO: V-SMF Instance [71651ba6-801c-41f1-9f80-bdddac2ac850](LIST) (../src/amf/gmm-handler.c:1507)
07/16 13:16:17.677: [gmm] INFO: [71651ba6-801c-41f1-9f80-bdddac2ac850] Setup NF Instance [type:SMF] (../src/amf/gmm-handler.c:1509)
07/16 13:16:17.677: [gmm] INFO: V-SMF Instance [71651ba6-801c-41f1-9f80-bdddac2ac850] (../src/amf/gmm-handler.c:1519)
07/16 13:16:17.677: [gmm] INFO: V-SMF discovered in Non-Roaming or LBO-Roaming[0] (../src/amf/gmm-handler.c:1588)
07/16 13:16:17.677: [gmm] INFO: nsmf_pdusession [1:0x5c62e88175f0:(nil)] (../src/amf/gmm-handler.c:1628)
07/16 13:16:17.681: [amf] INFO: Setup NF EndPoint(addr) [127.0.0.4:7777] (../src/amf/nsmf-handler.c:140)
07/16 13:16:17.688: [amf] INFO: [imsi-999700000000001:1:11][0:0:NULL] /nsmf-pdusession/v1/sm-contexts/{smContextRef}/modify (../src/amf/nsmf-handler.c:983)
07/16 13:16:18.176: [amf] INFO: InitialUEMessage (../src/amf/ngap-handler.c:668)
07/16 13:16:18.176: [amf] INFO: [Added] Number of gNB-UEs is now 2 (../src/amf/context.c:2932)
07/16 13:16:18.176: [amf] INFO:     RAN_UE_NGAP_ID[3] AMF_UE_NGAP_ID[163] TAC[1] CellID[0x10] (../src/amf/ngap-handler.c:878)
07/16 13:16:18.176: [amf] INFO: [suci-0-999-70-0000-0-0-0000000001] known UE by SUCI (../src/amf/context.c:1932)
07/16 13:16:18.176: [amf] WARNING: [suci-0-999-70-0000-0-0-0000000001] Holding NG Context (../src/amf/amf-sm.c:1042)
07/16 13:16:18.176: [amf] WARNING: [suci-0-999-70-0000-0-0-0000000001]    RAN_UE_NGAP_ID[2] AMF_UE_NGAP_ID[162] (../src/amf/amf-sm.c:1042)
07/16 13:16:18.176: [gmm] INFO: Registration request (../src/amf/gmm-sm.c:1678)
07/16 13:16:18.176: [gmm] INFO: [suci-0-999-70-0000-0-0-0000000001]    SUCI (../src/amf/gmm-handler.c:186)
07/16 13:16:18.179: [amf] INFO: [imsi-999700000000001:1] Release SM context [204] (../src/amf/amf-sm.c:615)
07/16 13:16:18.179: [amf] INFO: [imsi-999700000000001:1] Release SM Context [state:31] (../src/amf/nsmf-handler.c:1200)
07/16 13:16:18.179: [amf] INFO: [Removed] Number of AMF-Sessions is now 0 (../src/amf/context.c:2960)
07/16 13:16:18.181: [amf] WARNING: UnRef NF EndPoint(addr) [127.0.0.11:7777] (../src/amf/nausf-handler.c:130)
07/16 13:16:18.181: [amf] INFO: Setup NF EndPoint(addr) [127.0.0.11:7777] (../src/amf/nausf-handler.c:130)
07/16 13:16:18.187: [gmm] WARNING: [suci-0-999-70-0000-0-0-0000000001] Clear NG Context (../src/amf/gmm-sm.c:2597)
07/16 13:16:18.187: [gmm] WARNING: [suci-0-999-70-0000-0-0-0000000001]    RAN_UE_NGAP_ID[2] AMF_UE_NGAP_ID[162] (../src/amf/gmm-sm.c:2597)
07/16 13:16:18.187: [amf] INFO: UE Context Release [Action:1] (../src/amf/ngap-handler.c:1961)
07/16 13:16:18.187: [amf] INFO:     RAN_UE_NGAP_ID[2] AMF_UE_NGAP_ID[162] (../src/amf/ngap-handler.c:1962)
07/16 13:16:18.187: [amf] INFO: [Removed] Number of gNB-UEs is now 1 (../src/amf/context.c:2939)
07/16 13:16:18.191: [amf] WARNING: UnRef NF EndPoint(addr) [127.0.0.13:7777] (../src/amf/npcf-handler.c:143)
07/16 13:16:18.191: [amf] INFO: Setup NF EndPoint(addr) [127.0.0.13:7777] (../src/amf/npcf-handler.c:143)
07/16 13:16:18.394: [gmm] INFO: [imsi-999700000000001] Registration complete (../src/amf/gmm-sm.c:3165)
07/16 13:16:18.394: [amf] INFO: [imsi-999700000000001] Configuration update command (../src/amf/nas-path.c:609)
07/16 13:16:18.394: [gmm] INFO:     UTC [2026-07-16T07:46:18] Timezone[0]/DST[0] (../src/amf/gmm-build.c:551)
07/16 13:16:18.394: [gmm] INFO:     LOCAL [2026-07-16T13:16:18] Timezone[19800]/DST[0] (../src/amf/gmm-build.c:556)
07/16 13:16:18.394: [amf] INFO: [Added] Number of AMF-Sessions is now 1 (../src/amf/context.c:2953)
07/16 13:16:18.394: [gmm] INFO: UE SUPI[imsi-999700000000001] DNN[internet] LBO[0] S_NSSAI[SST:1 SD:0x1] smContextRef[NULL] smContextResourceURI[NULL] (../src/amf/gmm-handler.c:1430)
07/16 13:16:18.394: [gmm] INFO: V-SMF Instance [71651ba6-801c-41f1-9f80-bdddac2ac850](LIST) (../src/amf/gmm-handler.c:1507)
07/16 13:16:18.394: [gmm] INFO: [71651ba6-801c-41f1-9f80-bdddac2ac850] Setup NF Instance [type:SMF] (../src/amf/gmm-handler.c:1509)
07/16 13:16:18.394: [gmm] INFO: V-SMF Instance [71651ba6-801c-41f1-9f80-bdddac2ac850] (../src/amf/gmm-handler.c:1519)
07/16 13:16:18.394: [gmm] INFO: V-SMF discovered in Non-Roaming or LBO-Roaming[0] (../src/amf/gmm-handler.c:1588)
07/16 13:16:18.394: [gmm] INFO: nsmf_pdusession [1:0x5c62e88175f0:(nil)] (../src/amf/gmm-handler.c:1628)
07/16 13:16:18.397: [amf] INFO: Setup NF EndPoint(addr) [127.0.0.4:7777] (../src/amf/nsmf-handler.c:140)
07/16 13:16:18.402: [amf] INFO: [imsi-999700000000001:1:11][0:0:NULL] /nsmf-pdusession/v1/sm-contexts/{smContextRef}/modify (../src/amf/nsmf-handler.c:983)
07/16 13:16:18.888: [amf] INFO: InitialUEMessage (../src/amf/ngap-handler.c:668)
07/16 13:16:18.888: [amf] INFO: [Added] Number of gNB-UEs is now 2 (../src/amf/context.c:2932)
07/16 13:16:18.888: [amf] INFO:     RAN_UE_NGAP_ID[4] AMF_UE_NGAP_ID[164] TAC[1] CellID[0x10] (../src/amf/ngap-handler.c:878)
07/16 13:16:18.888: [amf] INFO: [suci-0-999-70-0000-0-0-0000000001] known UE by SUCI (../src/amf/context.c:1932)
07/16 13:16:18.888: [amf] WARNING: [suci-0-999-70-0000-0-0-0000000001] Holding NG Context (../src/amf/amf-sm.c:1042)
07/16 13:16:18.888: [amf] WARNING: [suci-0-999-70-0000-0-0-0000000001]    RAN_UE_NGAP_ID[3] AMF_UE_NGAP_ID[163] (../src/amf/amf-sm.c:1042)
07/16 13:16:18.888: [gmm] INFO: Registration request (../src/amf/gmm-sm.c:1678)
07/16 13:16:18.888: [gmm] INFO: [suci-0-999-70-0000-0-0-0000000001]    SUCI (../src/amf/gmm-handler.c:186)
07/16 13:16:18.892: [amf] INFO: [imsi-999700000000001:1] Release SM context [204] (../src/amf/amf-sm.c:615)
07/16 13:16:18.892: [amf] INFO: [imsi-999700000000001:1] Release SM Context [state:31] (../src/amf/nsmf-handler.c:1200)
07/16 13:16:18.892: [amf] INFO: [Removed] Number of AMF-Sessions is now 0 (../src/amf/context.c:2960)
07/16 13:16:18.894: [amf] WARNING: UnRef NF EndPoint(addr) [127.0.0.11:7777] (../src/amf/nausf-handler.c:130)
07/16 13:16:18.894: [amf] INFO: Setup NF EndPoint(addr) [127.0.0.11:7777] (../src/amf/nausf-handler.c:130)
07/16 13:16:18.899: [gmm] WARNING: [suci-0-999-70-0000-0-0-0000000001] Clear NG Context (../src/amf/gmm-sm.c:2597)
07/16 13:16:18.899: [gmm] WARNING: [suci-0-999-70-0000-0-0-0000000001]    RAN_UE_NGAP_ID[3] AMF_UE_NGAP_ID[163] (../src/amf/gmm-sm.c:2597)
07/16 13:16:18.899: [amf] INFO: UE Context Release [Action:1] (../src/amf/ngap-handler.c:1961)
07/16 13:16:18.899: [amf] INFO:     RAN_UE_NGAP_ID[3] AMF_UE_NGAP_ID[163] (../src/amf/ngap-handler.c:1962)
07/16 13:16:18.899: [amf] INFO: [Removed] Number of gNB-UEs is now 1 (../src/amf/context.c:2939)
07/16 13:16:18.907: [amf] WARNING: UnRef NF EndPoint(addr) [127.0.0.13:7777] (../src/amf/npcf-handler.c:143)
07/16 13:16:18.907: [amf] INFO: Setup NF EndPoint(addr) [127.0.0.13:7777] (../src/amf/npcf-handler.c:143)
07/16 13:16:19.111: [gmm] INFO: [imsi-999700000000001] Registration complete (../src/amf/gmm-sm.c:3165)
07/16 13:16:19.111: [amf] INFO: [imsi-999700000000001] Configuration update command (../src/amf/nas-path.c:609)
07/16 13:16:19.111: [gmm] INFO:     UTC [2026-07-16T07:46:19] Timezone[0]/DST[0] (../src/amf/gmm-build.c:551)
07/16 13:16:19.111: [gmm] INFO:     LOCAL [2026-07-16T13:16:19] Timezone[19800]/DST[0] (../src/amf/gmm-build.c:556)
07/16 13:16:19.112: [amf] INFO: [Added] Number of AMF-Sessions is now 1 (../src/amf/context.c:2953)
07/16 13:16:19.112: [gmm] INFO: UE SUPI[imsi-999700000000001] DNN[internet] LBO[0] S_NSSAI[SST:1 SD:0x1] smContextRef[NULL] smContextResourceURI[NULL] (../src/amf/gmm-handler.c:1430)
07/16 13:16:19.112: [gmm] INFO: V-SMF Instance [71651ba6-801c-41f1-9f80-bdddac2ac850](LIST) (../src/amf/gmm-handler.c:1507)
07/16 13:16:19.112: [gmm] INFO: [71651ba6-801c-41f1-9f80-bdddac2ac850] Setup NF Instance [type:SMF] (../src/amf/gmm-handler.c:1509)
07/16 13:16:19.112: [gmm] INFO: V-SMF Instance [71651ba6-801c-41f1-9f80-bdddac2ac850] (../src/amf/gmm-handler.c:1519)
07/16 13:16:19.112: [gmm] INFO: V-SMF discovered in Non-Roaming or LBO-Roaming[0] (../src/amf/gmm-handler.c:1588)
07/16 13:16:19.112: [gmm] INFO: nsmf_pdusession [1:0x5c62e88175f0:(nil)] (../src/amf/gmm-handler.c:1628)
07/16 13:16:19.116: [amf] INFO: Setup NF EndPoint(addr) [127.0.0.4:7777] (../src/amf/nsmf-handler.c:140)
07/16 13:16:19.122: [amf] INFO: [imsi-999700000000001:1:11][0:0:NULL] /nsmf-pdusession/v1/sm-contexts/{smContextRef}/modify (../src/amf/nsmf-handler.c:983)
07/16 13:16:19.602: [amf] INFO: InitialUEMessage (../src/amf/ngap-handler.c:668)
07/16 13:16:19.602: [amf] INFO: [Added] Number of gNB-UEs is now 2 (../src/amf/context.c:2932)
07/16 13:16:19.602: [amf] INFO:     RAN_UE_NGAP_ID[5] AMF_UE_NGAP_ID[165] TAC[1] CellID[0x10] (../src/amf/ngap-handler.c:878)
07/16 13:16:19.602: [amf] INFO: [suci-0-999-70-0000-0-0-0000000001] known UE by SUCI (../src/amf/context.c:1932)
07/16 13:16:19.602: [amf] WARNING: [suci-0-999-70-0000-0-0-0000000001] Holding NG Context (../src/amf/amf-sm.c:1042)
07/16 13:16:19.602: [amf] WARNING: [suci-0-999-70-0000-0-0-0000000001]    RAN_UE_NGAP_ID[4] AMF_UE_NGAP_ID[164] (../src/amf/amf-sm.c:1042)
07/16 13:16:19.602: [gmm] INFO: Registration request (../src/amf/gmm-sm.c:1678)
07/16 13:16:19.602: [gmm] INFO: [suci-0-999-70-0000-0-0-0000000001]    SUCI (../src/amf/gmm-handler.c:186)
07/16 13:16:19.605: [amf] INFO: [imsi-999700000000001:1] Release SM context [204] (../src/amf/amf-sm.c:615)
07/16 13:16:19.605: [amf] INFO: [imsi-999700000000001:1] Release SM Context [state:31] (../src/amf/nsmf-handler.c:1200)
07/16 13:16:19.605: [amf] INFO: [Removed] Number of AMF-Sessions is now 0 (../src/amf/context.c:2960)
07/16 13:16:19.607: [amf] WARNING: UnRef NF EndPoint(addr) [127.0.0.11:7777] (../src/amf/nausf-handler.c:130)
07/16 13:16:19.607: [amf] INFO: Setup NF EndPoint(addr) [127.0.0.11:7777] (../src/amf/nausf-handler.c:130)
07/16 13:16:19.612: [gmm] WARNING: [suci-0-999-70-0000-0-0-0000000001] Clear NG Context (../src/amf/gmm-sm.c:2597)
07/16 13:16:19.612: [gmm] WARNING: [suci-0-999-70-0000-0-0-0000000001]    RAN_UE_NGAP_ID[4] AMF_UE_NGAP_ID[164] (../src/amf/gmm-sm.c:2597)
07/16 13:16:19.612: [amf] INFO: UE Context Release [Action:1] (../src/amf/ngap-handler.c:1961)
07/16 13:16:19.612: [amf] INFO:     RAN_UE_NGAP_ID[4] AMF_UE_NGAP_ID[164] (../src/amf/ngap-handler.c:1962)
07/16 13:16:19.612: [amf] INFO: [Removed] Number of gNB-UEs is now 1 (../src/amf/context.c:2939)
07/16 13:16:19.618: [amf] WARNING: UnRef NF EndPoint(addr) [127.0.0.13:7777] (../src/amf/npcf-handler.c:143)
07/16 13:16:19.618: [amf] INFO: Setup NF EndPoint(addr) [127.0.0.13:7777] (../src/amf/npcf-handler.c:143)
07/16 13:16:19.831: [gmm] INFO: [imsi-999700000000001] Registration complete (../src/amf/gmm-sm.c:3165)
07/16 13:16:19.831: [amf] INFO: [imsi-999700000000001] Configuration update command (../src/amf/nas-path.c:609)
07/16 13:16:19.831: [gmm] INFO:     UTC [2026-07-16T07:46:19] Timezone[0]/DST[0] (../src/amf/gmm-build.c:551)
07/16 13:16:19.831: [gmm] INFO:     LOCAL [2026-07-16T13:16:19] Timezone[19800]/DST[0] (../src/amf/gmm-build.c:556)
07/16 13:16:19.831: [amf] INFO: [Added] Number of AMF-Sessions is now 1 (../src/amf/context.c:2953)
07/16 13:16:19.831: [gmm] INFO: UE SUPI[imsi-999700000000001] DNN[internet] LBO[0] S_NSSAI[SST:1 SD:0x1] smContextRef[NULL] smContextResourceURI[NULL] (../src/amf/gmm-handler.c:1430)
07/16 13:16:19.831: [gmm] INFO: V-SMF Instance [71651ba6-801c-41f1-9f80-bdddac2ac850](LIST) (../src/amf/gmm-handler.c:1507)
07/16 13:16:19.831: [gmm] INFO: [71651ba6-801c-41f1-9f80-bdddac2ac850] Setup NF Instance [type:SMF] (../src/amf/gmm-handler.c:1509)
07/16 13:16:19.831: [gmm] INFO: V-SMF Instance [71651ba6-801c-41f1-9f80-bdddac2ac850] (../src/amf/gmm-handler.c:1519)
07/16 13:16:19.831: [gmm] INFO: V-SMF discovered in Non-Roaming or LBO-Roaming[0] (../src/amf/gmm-handler.c:1588)
07/16 13:16:19.831: [gmm] INFO: nsmf_pdusession [1:0x5c62e88175f0:(nil)] (../src/amf/gmm-handler.c:1628)
07/16 13:16:19.835: [amf] INFO: Setup NF EndPoint(addr) [127.0.0.4:7777] (../src/amf/nsmf-handler.c:140)
07/16 13:16:19.841: [amf] INFO: [imsi-999700000000001:1:11][0:0:NULL] /nsmf-pdusession/v1/sm-contexts/{smContextRef}/modify (../src/amf/nsmf-handler.c:983)
07/16 13:16:20.312: [amf] INFO: InitialUEMessage (../src/amf/ngap-handler.c:668)
07/16 13:16:20.312: [amf] INFO: [Added] Number of gNB-UEs is now 2 (../src/amf/context.c:2932)
07/16 13:16:20.312: [amf] INFO:     RAN_UE_NGAP_ID[6] AMF_UE_NGAP_ID[166] TAC[1] CellID[0x10] (../src/amf/ngap-handler.c:878)
07/16 13:16:20.312: [amf] INFO: [suci-0-999-70-0000-0-0-0000000001] known UE by SUCI (../src/amf/context.c:1932)
07/16 13:16:20.312: [amf] WARNING: [suci-0-999-70-0000-0-0-0000000001] Holding NG Context (../src/amf/amf-sm.c:1042)
07/16 13:16:20.312: [amf] WARNING: [suci-0-999-70-0000-0-0-0000000001]    RAN_UE_NGAP_ID[5] AMF_UE_NGAP_ID[165] (../src/amf/amf-sm.c:1042)
07/16 13:16:20.312: [gmm] INFO: Registration request (../src/amf/gmm-sm.c:1678)
07/16 13:16:20.312: [gmm] INFO: [suci-0-999-70-0000-0-0-0000000001]    SUCI (../src/amf/gmm-handler.c:186)
07/16 13:16:20.316: [amf] INFO: [imsi-999700000000001:1] Release SM context [204] (../src/amf/amf-sm.c:615)
07/16 13:16:20.316: [amf] INFO: [imsi-999700000000001:1] Release SM Context [state:31] (../src/amf/nsmf-handler.c:1200)
07/16 13:16:20.316: [amf] INFO: [Removed] Number of AMF-Sessions is now 0 (../src/amf/context.c:2960)
07/16 13:16:20.317: [amf] WARNING: UnRef NF EndPoint(addr) [127.0.0.11:7777] (../src/amf/nausf-handler.c:130)
07/16 13:16:20.317: [amf] INFO: Setup NF EndPoint(addr) [127.0.0.11:7777] (../src/amf/nausf-handler.c:130)
07/16 13:16:20.321: [gmm] WARNING: [suci-0-999-70-0000-0-0-0000000001] Clear NG Context (../src/amf/gmm-sm.c:2597)
07/16 13:16:20.321: [gmm] WARNING: [suci-0-999-70-0000-0-0-0000000001]    RAN_UE_NGAP_ID[5] AMF_UE_NGAP_ID[165] (../src/amf/gmm-sm.c:2597)
07/16 13:16:20.321: [amf] INFO: UE Context Release [Action:1] (../src/amf/ngap-handler.c:1961)
07/16 13:16:20.321: [amf] INFO:     RAN_UE_NGAP_ID[5] AMF_UE_NGAP_ID[165] (../src/amf/ngap-handler.c:1962)
07/16 13:16:20.321: [amf] INFO: [Removed] Number of gNB-UEs is now 1 (../src/amf/context.c:2939)
07/16 13:16:20.326: [amf] WARNING: UnRef NF EndPoint(addr) [127.0.0.13:7777] (../src/amf/npcf-handler.c:143)
07/16 13:16:20.326: [amf] INFO: Setup NF EndPoint(addr) [127.0.0.13:7777] (../src/amf/npcf-handler.c:143)
07/16 13:16:20.532: [gmm] INFO: [imsi-999700000000001] Registration complete (../src/amf/gmm-sm.c:3165)
07/16 13:16:20.532: [amf] INFO: [imsi-999700000000001] Configuration update command (../src/amf/nas-path.c:609)
07/16 13:16:20.532: [gmm] INFO:     UTC [2026-07-16T07:46:20] Timezone[0]/DST[0] (../src/amf/gmm-build.c:551)
07/16 13:16:20.532: [gmm] INFO:     LOCAL [2026-07-16T13:16:20] Timezone[19800]/DST[0] (../src/amf/gmm-build.c:556)
07/16 13:16:20.532: [amf] INFO: [Added] Number of AMF-Sessions is now 1 (../src/amf/context.c:2953)
07/16 13:16:20.532: [gmm] INFO: UE SUPI[imsi-999700000000001] DNN[internet] LBO[0] S_NSSAI[SST:1 SD:0x1] smContextRef[NULL] smContextResourceURI[NULL] (../src/amf/gmm-handler.c:1430)
07/16 13:16:20.532: [gmm] INFO: V-SMF Instance [71651ba6-801c-41f1-9f80-bdddac2ac850](LIST) (../src/amf/gmm-handler.c:1507)
07/16 13:16:20.532: [gmm] INFO: [71651ba6-801c-41f1-9f80-bdddac2ac850] Setup NF Instance [type:SMF] (../src/amf/gmm-handler.c:1509)
07/16 13:16:20.532: [gmm] INFO: V-SMF Instance [71651ba6-801c-41f1-9f80-bdddac2ac850] (../src/amf/gmm-handler.c:1519)
07/16 13:16:20.532: [gmm] INFO: V-SMF discovered in Non-Roaming or LBO-Roaming[0] (../src/amf/gmm-handler.c:1588)
07/16 13:16:20.532: [gmm] INFO: nsmf_pdusession [1:0x5c62e88175f0:(nil)] (../src/amf/gmm-handler.c:1628)
07/16 13:16:20.535: [amf] INFO: Setup NF EndPoint(addr) [127.0.0.4:7777] (../src/amf/nsmf-handler.c:140)
07/16 13:16:20.542: [amf] INFO: [imsi-999700000000001:1:11][0:0:NULL] /nsmf-pdusession/v1/sm-contexts/{smContextRef}/modify (../src/amf/nsmf-handler.c:983)
07/16 13:16:21.026: [amf] INFO: InitialUEMessage (../src/amf/ngap-handler.c:668)
07/16 13:16:21.026: [amf] INFO: [Added] Number of gNB-UEs is now 2 (../src/amf/context.c:2932)
07/16 13:16:21.026: [amf] INFO:     RAN_UE_NGAP_ID[7] AMF_UE_NGAP_ID[167] TAC[1] CellID[0x10] (../src/amf/ngap-handler.c:878)
07/16 13:16:21.026: [amf] INFO: [suci-0-999-70-0000-0-0-0000000001] known UE by SUCI (../src/amf/context.c:1932)
07/16 13:16:21.026: [amf] WARNING: [suci-0-999-70-0000-0-0-0000000001] Holding NG Context (../src/amf/amf-sm.c:1042)
07/16 13:16:21.026: [amf] WARNING: [suci-0-999-70-0000-0-0-0000000001]    RAN_UE_NGAP_ID[6] AMF_UE_NGAP_ID[166] (../src/amf/amf-sm.c:1042)
07/16 13:16:21.026: [gmm] INFO: Registration request (../src/amf/gmm-sm.c:1678)
07/16 13:16:21.026: [gmm] INFO: [suci-0-999-70-0000-0-0-0000000001]    SUCI (../src/amf/gmm-handler.c:186)
07/16 13:16:21.029: [amf] INFO: [imsi-999700000000001:1] Release SM context [204] (../src/amf/amf-sm.c:615)
07/16 13:16:21.029: [amf] INFO: [imsi-999700000000001:1] Release SM Context [state:31] (../src/amf/nsmf-handler.c:1200)
07/16 13:16:21.029: [amf] INFO: [Removed] Number of AMF-Sessions is now 0 (../src/amf/context.c:2960)
07/16 13:16:21.031: [amf] WARNING: UnRef NF EndPoint(addr) [127.0.0.11:7777] (../src/amf/nausf-handler.c:130)
07/16 13:16:21.031: [amf] INFO: Setup NF EndPoint(addr) [127.0.0.11:7777] (../src/amf/nausf-handler.c:130)
07/16 13:16:21.035: [gmm] WARNING: [suci-0-999-70-0000-0-0-0000000001] Clear NG Context (../src/amf/gmm-sm.c:2597)
07/16 13:16:21.035: [gmm] WARNING: [suci-0-999-70-0000-0-0-0000000001]    RAN_UE_NGAP_ID[6] AMF_UE_NGAP_ID[166] (../src/amf/gmm-sm.c:2597)
07/16 13:16:21.035: [amf] INFO: UE Context Release [Action:1] (../src/amf/ngap-handler.c:1961)
07/16 13:16:21.035: [amf] INFO:     RAN_UE_NGAP_ID[6] AMF_UE_NGAP_ID[166] (../src/amf/ngap-handler.c:1962)
07/16 13:16:21.035: [amf] INFO: [Removed] Number of gNB-UEs is now 1 (../src/amf/context.c:2939)
07/16 13:16:21.040: [amf] WARNING: UnRef NF EndPoint(addr) [127.0.0.13:7777] (../src/amf/npcf-handler.c:143)
07/16 13:16:21.040: [amf] INFO: Setup NF EndPoint(addr) [127.0.0.13:7777] (../src/amf/npcf-handler.c:143)
07/16 13:16:21.243: [gmm] INFO: [imsi-999700000000001] Registration complete (../src/amf/gmm-sm.c:3165)
07/16 13:16:21.244: [amf] INFO: [imsi-999700000000001] Configuration update command (../src/amf/nas-path.c:609)
07/16 13:16:21.244: [gmm] INFO:     UTC [2026-07-16T07:46:21] Timezone[0]/DST[0] (../src/amf/gmm-build.c:551)
07/16 13:16:21.244: [gmm] INFO:     LOCAL [2026-07-16T13:16:21] Timezone[19800]/DST[0] (../src/amf/gmm-build.c:556)
07/16 13:16:21.244: [amf] INFO: [Added] Number of AMF-Sessions is now 1 (../src/amf/context.c:2953)
07/16 13:16:21.244: [gmm] INFO: UE SUPI[imsi-999700000000001] DNN[internet] LBO[0] S_NSSAI[SST:1 SD:0x1] smContextRef[NULL] smContextResourceURI[NULL] (../src/amf/gmm-handler.c:1430)
07/16 13:16:21.244: [gmm] INFO: V-SMF Instance [71651ba6-801c-41f1-9f80-bdddac2ac850](LIST) (../src/amf/gmm-handler.c:1507)
07/16 13:16:21.244: [gmm] INFO: [71651ba6-801c-41f1-9f80-bdddac2ac850] Setup NF Instance [type:SMF] (../src/amf/gmm-handler.c:1509)
07/16 13:16:21.244: [gmm] INFO: V-SMF Instance [71651ba6-801c-41f1-9f80-bdddac2ac850] (../src/amf/gmm-handler.c:1519)
07/16 13:16:21.244: [gmm] INFO: V-SMF discovered in Non-Roaming or LBO-Roaming[0] (../src/amf/gmm-handler.c:1588)
07/16 13:16:21.244: [gmm] INFO: nsmf_pdusession [1:0x5c62e88175f0:(nil)] (../src/amf/gmm-handler.c:1628)
07/16 13:16:21.247: [amf] INFO: Setup NF EndPoint(addr) [127.0.0.4:7777] (../src/amf/nsmf-handler.c:140)
07/16 13:16:21.254: [amf] INFO: [imsi-999700000000001:1:11][0:0:NULL] /nsmf-pdusession/v1/sm-contexts/{smContextRef}/modify (../src/amf/nsmf-handler.c:983)
07/16 13:16:21.742: [amf] INFO: InitialUEMessage (../src/amf/ngap-handler.c:668)
07/16 13:16:21.742: [amf] INFO: [Added] Number of gNB-UEs is now 2 (../src/amf/context.c:2932)
07/16 13:16:21.742: [amf] INFO:     RAN_UE_NGAP_ID[8] AMF_UE_NGAP_ID[168] TAC[1] CellID[0x10] (../src/amf/ngap-handler.c:878)
07/16 13:16:21.742: [amf] INFO: [suci-0-999-70-0000-0-0-0000000001] known UE by SUCI (../src/amf/context.c:1932)
07/16 13:16:21.742: [amf] WARNING: [suci-0-999-70-0000-0-0-0000000001] Holding NG Context (../src/amf/amf-sm.c:1042)
07/16 13:16:21.742: [amf] WARNING: [suci-0-999-70-0000-0-0-0000000001]    RAN_UE_NGAP_ID[7] AMF_UE_NGAP_ID[167] (../src/amf/amf-sm.c:1042)
07/16 13:16:21.742: [gmm] INFO: Registration request (../src/amf/gmm-sm.c:1678)
07/16 13:16:21.742: [gmm] INFO: [suci-0-999-70-0000-0-0-0000000001]    SUCI (../src/amf/gmm-handler.c:186)
07/16 13:16:21.746: [amf] INFO: [imsi-999700000000001:1] Release SM context [204] (../src/amf/amf-sm.c:615)
07/16 13:16:21.746: [amf] INFO: [imsi-999700000000001:1] Release SM Context [state:31] (../src/amf/nsmf-handler.c:1200)
07/16 13:16:21.746: [amf] INFO: [Removed] Number of AMF-Sessions is now 0 (../src/amf/context.c:2960)
07/16 13:16:21.749: [amf] WARNING: UnRef NF EndPoint(addr) [127.0.0.11:7777] (../src/amf/nausf-handler.c:130)
07/16 13:16:21.749: [amf] INFO: Setup NF EndPoint(addr) [127.0.0.11:7777] (../src/amf/nausf-handler.c:130)
07/16 13:16:21.753: [gmm] WARNING: [suci-0-999-70-0000-0-0-0000000001] Clear NG Context (../src/amf/gmm-sm.c:2597)
07/16 13:16:21.753: [gmm] WARNING: [suci-0-999-70-0000-0-0-0000000001]    RAN_UE_NGAP_ID[7] AMF_UE_NGAP_ID[167] (../src/amf/gmm-sm.c:2597)
07/16 13:16:21.753: [amf] INFO: UE Context Release [Action:1] (../src/amf/ngap-handler.c:1961)
07/16 13:16:21.753: [amf] INFO:     RAN_UE_NGAP_ID[7] AMF_UE_NGAP_ID[167] (../src/amf/ngap-handler.c:1962)
07/16 13:16:21.753: [amf] INFO: [Removed] Number of gNB-UEs is now 1 (../src/amf/context.c:2939)
07/16 13:16:21.758: [amf] WARNING: UnRef NF EndPoint(addr) [127.0.0.13:7777] (../src/amf/npcf-handler.c:143)
07/16 13:16:21.758: [amf] INFO: Setup NF EndPoint(addr) [127.0.0.13:7777] (../src/amf/npcf-handler.c:143)
07/16 13:16:21.972: [gmm] INFO: [imsi-999700000000001] Registration complete (../src/amf/gmm-sm.c:3165)
07/16 13:16:21.972: [amf] INFO: [imsi-999700000000001] Configuration update command (../src/amf/nas-path.c:609)
07/16 13:16:21.972: [gmm] INFO:     UTC [2026-07-16T07:46:21] Timezone[0]/DST[0] (../src/amf/gmm-build.c:551)
07/16 13:16:21.972: [gmm] INFO:     LOCAL [2026-07-16T13:16:21] Timezone[19800]/DST[0] (../src/amf/gmm-build.c:556)
07/16 13:16:21.972: [amf] INFO: [Added] Number of AMF-Sessions is now 1 (../src/amf/context.c:2953)
07/16 13:16:21.972: [gmm] INFO: UE SUPI[imsi-999700000000001] DNN[internet] LBO[0] S_NSSAI[SST:1 SD:0x1] smContextRef[NULL] smContextResourceURI[NULL] (../src/amf/gmm-handler.c:1430)
07/16 13:16:21.972: [gmm] INFO: V-SMF Instance [71651ba6-801c-41f1-9f80-bdddac2ac850](LIST) (../src/amf/gmm-handler.c:1507)
07/16 13:16:21.972: [gmm] INFO: [71651ba6-801c-41f1-9f80-bdddac2ac850] Setup NF Instance [type:SMF] (../src/amf/gmm-handler.c:1509)
07/16 13:16:21.972: [gmm] INFO: V-SMF Instance [71651ba6-801c-41f1-9f80-bdddac2ac850] (../src/amf/gmm-handler.c:1519)
07/16 13:16:21.972: [gmm] INFO: V-SMF discovered in Non-Roaming or LBO-Roaming[0] (../src/amf/gmm-handler.c:1588)
07/16 13:16:21.972: [gmm] INFO: nsmf_pdusession [1:0x5c62e88175f0:(nil)] (../src/amf/gmm-handler.c:1628)
07/16 13:16:21.975: [amf] INFO: Setup NF EndPoint(addr) [127.0.0.4:7777] (../src/amf/nsmf-handler.c:140)
07/16 13:16:21.980: [amf] INFO: [imsi-999700000000001:1:11][0:0:NULL] /nsmf-pdusession/v1/sm-contexts/{smContextRef}/modify (../src/amf/nsmf-handler.c:983)
07/16 13:16:22.461: [amf] INFO: InitialUEMessage (../src/amf/ngap-handler.c:668)
07/16 13:16:22.461: [amf] INFO: [Added] Number of gNB-UEs is now 2 (../src/amf/context.c:2932)
07/16 13:16:22.461: [amf] INFO:     RAN_UE_NGAP_ID[9] AMF_UE_NGAP_ID[169] TAC[1] CellID[0x10] (../src/amf/ngap-handler.c:878)
07/16 13:16:22.461: [amf] INFO: [suci-0-999-70-0000-0-0-0000000001] known UE by SUCI (../src/amf/context.c:1932)
07/16 13:16:22.461: [amf] WARNING: [suci-0-999-70-0000-0-0-0000000001] Holding NG Context (../src/amf/amf-sm.c:1042)
07/16 13:16:22.461: [amf] WARNING: [suci-0-999-70-0000-0-0-0000000001]    RAN_UE_NGAP_ID[8] AMF_UE_NGAP_ID[168] (../src/amf/amf-sm.c:1042)
07/16 13:16:22.461: [gmm] INFO: Registration request (../src/amf/gmm-sm.c:1678)
07/16 13:16:22.461: [gmm] INFO: [suci-0-999-70-0000-0-0-0000000001]    SUCI (../src/amf/gmm-handler.c:186)
07/16 13:16:22.464: [amf] INFO: [imsi-999700000000001:1] Release SM context [204] (../src/amf/amf-sm.c:615)
07/16 13:16:22.464: [amf] INFO: [imsi-999700000000001:1] Release SM Context [state:31] (../src/amf/nsmf-handler.c:1200)
07/16 13:16:22.464: [amf] INFO: [Removed] Number of AMF-Sessions is now 0 (../src/amf/context.c:2960)
07/16 13:16:22.466: [amf] WARNING: UnRef NF EndPoint(addr) [127.0.0.11:7777] (../src/amf/nausf-handler.c:130)
07/16 13:16:22.466: [amf] INFO: Setup NF EndPoint(addr) [127.0.0.11:7777] (../src/amf/nausf-handler.c:130)
07/16 13:16:22.471: [gmm] WARNING: [suci-0-999-70-0000-0-0-0000000001] Clear NG Context (../src/amf/gmm-sm.c:2597)
07/16 13:16:22.471: [gmm] WARNING: [suci-0-999-70-0000-0-0-0000000001]    RAN_UE_NGAP_ID[8] AMF_UE_NGAP_ID[168] (../src/amf/gmm-sm.c:2597)
07/16 13:16:22.472: [amf] INFO: UE Context Release [Action:1] (../src/amf/ngap-handler.c:1961)
07/16 13:16:22.472: [amf] INFO:     RAN_UE_NGAP_ID[8] AMF_UE_NGAP_ID[168] (../src/amf/ngap-handler.c:1962)
07/16 13:16:22.472: [amf] INFO: [Removed] Number of gNB-UEs is now 1 (../src/amf/context.c:2939)
07/16 13:16:22.476: [amf] WARNING: UnRef NF EndPoint(addr) [127.0.0.13:7777] (../src/amf/npcf-handler.c:143)
07/16 13:16:22.476: [amf] INFO: Setup NF EndPoint(addr) [127.0.0.13:7777] (../src/amf/npcf-handler.c:143)
07/16 13:16:22.683: [gmm] INFO: [imsi-999700000000001] Registration complete (../src/amf/gmm-sm.c:3165)
07/16 13:16:22.683: [amf] INFO: [imsi-999700000000001] Configuration update command (../src/amf/nas-path.c:609)
07/16 13:16:22.683: [gmm] INFO:     UTC [2026-07-16T07:46:22] Timezone[0]/DST[0] (../src/amf/gmm-build.c:551)
07/16 13:16:22.683: [gmm] INFO:     LOCAL [2026-07-16T13:16:22] Timezone[19800]/DST[0] (../src/amf/gmm-build.c:556)
07/16 13:16:22.683: [amf] INFO: [Added] Number of AMF-Sessions is now 1 (../src/amf/context.c:2953)
07/16 13:16:22.683: [gmm] INFO: UE SUPI[imsi-999700000000001] DNN[internet] LBO[0] S_NSSAI[SST:1 SD:0x1] smContextRef[NULL] smContextResourceURI[NULL] (../src/amf/gmm-handler.c:1430)
07/16 13:16:22.683: [gmm] INFO: V-SMF Instance [71651ba6-801c-41f1-9f80-bdddac2ac850](LIST) (../src/amf/gmm-handler.c:1507)
07/16 13:16:22.683: [gmm] INFO: [71651ba6-801c-41f1-9f80-bdddac2ac850] Setup NF Instance [type:SMF] (../src/amf/gmm-handler.c:1509)
07/16 13:16:22.683: [gmm] INFO: V-SMF Instance [71651ba6-801c-41f1-9f80-bdddac2ac850] (../src/amf/gmm-handler.c:1519)
07/16 13:16:22.683: [gmm] INFO: V-SMF discovered in Non-Roaming or LBO-Roaming[0] (../src/amf/gmm-handler.c:1588)
07/16 13:16:22.683: [gmm] INFO: nsmf_pdusession [1:0x5c62e88175f0:(nil)] (../src/amf/gmm-handler.c:1628)
07/16 13:16:22.688: [amf] INFO: Setup NF EndPoint(addr) [127.0.0.4:7777] (../src/amf/nsmf-handler.c:140)
07/16 13:16:22.694: [amf] INFO: [imsi-999700000000001:1:11][0:0:NULL] /nsmf-pdusession/v1/sm-contexts/{smContextRef}/modify (../src/amf/nsmf-handler.c:983)
07/16 13:16:25.249: [amf] INFO: [imsi-999700000000001:1:13][0:0:NULL] /nsmf-pdusession/v1/sm-contexts/{smContextRef}/modify (../src/amf/nsmf-handler.c:983)
07/16 13:16:25.250: [amf] INFO: UE Context Release [Action:2] (../src/amf/ngap-handler.c:1961)
07/16 13:16:25.250: [amf] INFO:     RAN_UE_NGAP_ID[9] AMF_UE_NGAP_ID[169] (../src/amf/ngap-handler.c:1962)
07/16 13:16:25.250: [amf] INFO:     SUCI[suci-0-999-70-0000-0-0-0000000001] (../src/amf/ngap-handler.c:1966)
07/16 13:16:25.250: [amf] INFO: [Removed] Number of gNB-UEs is now 0 (../src/amf/context.c:2939)
