07/16 12:42:58.442: [amf] INFO: gNB-N2[127.0.0.1] connection refused!!! (../src/amf/amf-sm.c:878)
07/16 12:42:58.442: [amf] INFO: [Removed] Number of gNBs is now 0 (../src/amf/context.c:1305)
07/16 12:43:13.907: [amf] INFO: gNB-N2 accepted[127.0.0.1]:53582 in ng-path module (../src/amf/ngap-sctp.c:113)
07/16 12:43:13.907: [amf] INFO: gNB-N2 accepted[127.0.0.1] in master_sm module (../src/amf/amf-sm.c:818)
07/16 12:43:13.911: [amf] INFO: [Added] Number of gNBs is now 1 (../src/amf/context.c:1277)
07/16 12:43:13.911: [amf] INFO: gNB-N2[127.0.0.1] max_num_of_ostreams : 10 (../src/amf/amf-sm.c:865)
07/16 12:43:26.476: [amf] INFO: InitialUEMessage (../src/amf/ngap-handler.c:668)
07/16 12:43:26.476: [amf] INFO: [Added] Number of gNB-UEs is now 1 (../src/amf/context.c:2932)
07/16 12:43:26.476: [amf] INFO:     RAN_UE_NGAP_ID[1] AMF_UE_NGAP_ID[156] TAC[1] CellID[0x10] (../src/amf/ngap-handler.c:878)
07/16 12:43:26.476: [amf] INFO: [suci-0-999-70-0000-0-0-0000000001] known UE by SUCI (../src/amf/context.c:1932)
07/16 12:43:26.476: [gmm] INFO: Registration request (../src/amf/gmm-sm.c:1678)
07/16 12:43:26.476: [gmm] INFO: [suci-0-999-70-0000-0-0-0000000001]    SUCI (../src/amf/gmm-handler.c:186)
07/16 12:43:26.480: [amf] INFO: [imsi-999700000000001:1] Release SM context [204] (../src/amf/amf-sm.c:615)
07/16 12:43:26.480: [amf] INFO: [imsi-999700000000001:1] Release SM Context [state:31] (../src/amf/nsmf-handler.c:1200)
07/16 12:43:26.480: [amf] INFO: [Removed] Number of AMF-Sessions is now 19 (../src/amf/context.c:2960)
07/16 12:43:26.483: [amf] WARNING: UnRef NF EndPoint(addr) [127.0.0.11:7777] (../src/amf/nausf-handler.c:130)
07/16 12:43:26.483: [amf] INFO: Setup NF EndPoint(addr) [127.0.0.11:7777] (../src/amf/nausf-handler.c:130)
07/16 12:43:26.491: [amf] WARNING: UnRef NF EndPoint(addr) [127.0.0.13:7777] (../src/amf/npcf-handler.c:143)
07/16 12:43:26.491: [amf] INFO: Setup NF EndPoint(addr) [127.0.0.13:7777] (../src/amf/npcf-handler.c:143)
07/16 12:43:26.698: [gmm] INFO: [imsi-999700000000001] Registration complete (../src/amf/gmm-sm.c:3165)
07/16 12:43:26.698: [amf] INFO: [imsi-999700000000001] Configuration update command (../src/amf/nas-path.c:609)
07/16 12:43:26.698: [gmm] INFO:     UTC [2026-07-16T07:13:26] Timezone[0]/DST[0] (../src/amf/gmm-build.c:551)
07/16 12:43:26.698: [gmm] INFO:     LOCAL [2026-07-16T12:43:26] Timezone[19800]/DST[0] (../src/amf/gmm-build.c:556)
07/16 12:43:26.699: [amf] INFO: [Added] Number of AMF-Sessions is now 20 (../src/amf/context.c:2953)
07/16 12:43:26.699: [gmm] INFO: UE SUPI[imsi-999700000000001] DNN[internet] LBO[0] S_NSSAI[SST:1 SD:0x1] smContextRef[NULL] smContextResourceURI[NULL] (../src/amf/gmm-handler.c:1430)
07/16 12:43:26.699: [gmm] INFO: V-SMF Instance [71651ba6-801c-41f1-9f80-bdddac2ac850](LIST) (../src/amf/gmm-handler.c:1507)
07/16 12:43:26.699: [gmm] INFO: [71651ba6-801c-41f1-9f80-bdddac2ac850] Setup NF Instance [type:SMF] (../src/amf/gmm-handler.c:1509)
07/16 12:43:26.699: [gmm] INFO: V-SMF Instance [71651ba6-801c-41f1-9f80-bdddac2ac850] (../src/amf/gmm-handler.c:1519)
07/16 12:43:26.699: [gmm] INFO: V-SMF discovered in Non-Roaming or LBO-Roaming[0] (../src/amf/gmm-handler.c:1588)
07/16 12:43:26.699: [gmm] INFO: nsmf_pdusession [1:0x5c62e88175f0:(nil)] (../src/amf/gmm-handler.c:1628)
07/16 12:43:26.702: [amf] INFO: Setup NF EndPoint(addr) [127.0.0.4:7777] (../src/amf/nsmf-handler.c:140)
07/16 12:43:26.712: [amf] INFO: [imsi-999700000000001:1:11][0:0:NULL] /nsmf-pdusession/v1/sm-contexts/{smContextRef}/modify (../src/amf/nsmf-handler.c:983)
07/16 12:43:29.492: [amf] INFO: InitialUEMessage (../src/amf/ngap-handler.c:668)
07/16 12:43:29.492: [amf] INFO: [Added] Number of gNB-UEs is now 2 (../src/amf/context.c:2932)
07/16 12:43:29.492: [amf] INFO:     RAN_UE_NGAP_ID[2] AMF_UE_NGAP_ID[157] TAC[1] CellID[0x10] (../src/amf/ngap-handler.c:878)
07/16 12:43:29.492: [amf] INFO: [suci-0-999-70-0000-0-0-0000000001] known UE by SUCI (../src/amf/context.c:1932)
07/16 12:43:29.492: [amf] WARNING: [suci-0-999-70-0000-0-0-0000000001] Holding NG Context (../src/amf/amf-sm.c:1042)
07/16 12:43:29.492: [amf] WARNING: [suci-0-999-70-0000-0-0-0000000001]    RAN_UE_NGAP_ID[1] AMF_UE_NGAP_ID[156] (../src/amf/amf-sm.c:1042)
07/16 12:43:29.492: [gmm] INFO: Registration request (../src/amf/gmm-sm.c:1678)
07/16 12:43:29.492: [gmm] INFO: [suci-0-999-70-0000-0-0-0000000001]    SUCI (../src/amf/gmm-handler.c:186)
07/16 12:43:29.496: [amf] INFO: [imsi-999700000000001:1] Release SM context [204] (../src/amf/amf-sm.c:615)
07/16 12:43:29.496: [amf] INFO: [imsi-999700000000001:1] Release SM Context [state:31] (../src/amf/nsmf-handler.c:1200)
07/16 12:43:29.496: [amf] INFO: [Removed] Number of AMF-Sessions is now 19 (../src/amf/context.c:2960)
07/16 12:43:29.498: [amf] WARNING: UnRef NF EndPoint(addr) [127.0.0.11:7777] (../src/amf/nausf-handler.c:130)
07/16 12:43:29.498: [amf] INFO: Setup NF EndPoint(addr) [127.0.0.11:7777] (../src/amf/nausf-handler.c:130)
07/16 12:43:29.501: [gmm] WARNING: [suci-0-999-70-0000-0-0-0000000001] Clear NG Context (../src/amf/gmm-sm.c:2597)
07/16 12:43:29.501: [gmm] WARNING: [suci-0-999-70-0000-0-0-0000000001]    RAN_UE_NGAP_ID[1] AMF_UE_NGAP_ID[156] (../src/amf/gmm-sm.c:2597)
07/16 12:43:29.502: [amf] INFO: UE Context Release [Action:1] (../src/amf/ngap-handler.c:1961)
07/16 12:43:29.502: [amf] INFO:     RAN_UE_NGAP_ID[1] AMF_UE_NGAP_ID[156] (../src/amf/ngap-handler.c:1962)
07/16 12:43:29.502: [amf] INFO: [Removed] Number of gNB-UEs is now 1 (../src/amf/context.c:2939)
07/16 12:43:29.506: [amf] WARNING: UnRef NF EndPoint(addr) [127.0.0.13:7777] (../src/amf/npcf-handler.c:143)
07/16 12:43:29.506: [amf] INFO: Setup NF EndPoint(addr) [127.0.0.13:7777] (../src/amf/npcf-handler.c:143)
07/16 12:43:29.717: [gmm] INFO: [imsi-999700000000001] Registration complete (../src/amf/gmm-sm.c:3165)
07/16 12:43:29.717: [amf] INFO: [imsi-999700000000001] Configuration update command (../src/amf/nas-path.c:609)
07/16 12:43:29.717: [gmm] INFO:     UTC [2026-07-16T07:13:29] Timezone[0]/DST[0] (../src/amf/gmm-build.c:551)
07/16 12:43:29.717: [gmm] INFO:     LOCAL [2026-07-16T12:43:29] Timezone[19800]/DST[0] (../src/amf/gmm-build.c:556)
07/16 12:43:29.717: [amf] INFO: [Added] Number of AMF-Sessions is now 20 (../src/amf/context.c:2953)
07/16 12:43:29.717: [gmm] INFO: UE SUPI[imsi-999700000000001] DNN[internet] LBO[0] S_NSSAI[SST:1 SD:0x1] smContextRef[NULL] smContextResourceURI[NULL] (../src/amf/gmm-handler.c:1430)
07/16 12:43:29.717: [gmm] INFO: V-SMF Instance [71651ba6-801c-41f1-9f80-bdddac2ac850](LIST) (../src/amf/gmm-handler.c:1507)
07/16 12:43:29.717: [gmm] INFO: [71651ba6-801c-41f1-9f80-bdddac2ac850] Setup NF Instance [type:SMF] (../src/amf/gmm-handler.c:1509)
07/16 12:43:29.717: [gmm] INFO: V-SMF Instance [71651ba6-801c-41f1-9f80-bdddac2ac850] (../src/amf/gmm-handler.c:1519)
07/16 12:43:29.717: [gmm] INFO: V-SMF discovered in Non-Roaming or LBO-Roaming[0] (../src/amf/gmm-handler.c:1588)
07/16 12:43:29.717: [gmm] INFO: nsmf_pdusession [1:0x5c62e88175f0:(nil)] (../src/amf/gmm-handler.c:1628)
07/16 12:43:29.722: [amf] INFO: Setup NF EndPoint(addr) [127.0.0.4:7777] (../src/amf/nsmf-handler.c:140)
07/16 12:43:29.729: [amf] INFO: [imsi-999700000000001:1:11][0:0:NULL] /nsmf-pdusession/v1/sm-contexts/{smContextRef}/modify (../src/amf/nsmf-handler.c:983)
07/16 12:43:32.512: [amf] INFO: InitialUEMessage (../src/amf/ngap-handler.c:668)
07/16 12:43:32.512: [amf] INFO: [Added] Number of gNB-UEs is now 2 (../src/amf/context.c:2932)
07/16 12:43:32.512: [amf] INFO:     RAN_UE_NGAP_ID[3] AMF_UE_NGAP_ID[158] TAC[1] CellID[0x10] (../src/amf/ngap-handler.c:878)
07/16 12:43:32.512: [amf] INFO: [suci-0-999-70-0000-0-0-0000000001] known UE by SUCI (../src/amf/context.c:1932)
07/16 12:43:32.512: [amf] WARNING: [suci-0-999-70-0000-0-0-0000000001] Holding NG Context (../src/amf/amf-sm.c:1042)
07/16 12:43:32.512: [amf] WARNING: [suci-0-999-70-0000-0-0-0000000001]    RAN_UE_NGAP_ID[2] AMF_UE_NGAP_ID[157] (../src/amf/amf-sm.c:1042)
07/16 12:43:32.512: [gmm] INFO: Registration request (../src/amf/gmm-sm.c:1678)
07/16 12:43:32.512: [gmm] INFO: [suci-0-999-70-0000-0-0-0000000001]    SUCI (../src/amf/gmm-handler.c:186)
07/16 12:43:32.516: [amf] INFO: [imsi-999700000000001:1] Release SM context [204] (../src/amf/amf-sm.c:615)
07/16 12:43:32.516: [amf] INFO: [imsi-999700000000001:1] Release SM Context [state:31] (../src/amf/nsmf-handler.c:1200)
07/16 12:43:32.516: [amf] INFO: [Removed] Number of AMF-Sessions is now 19 (../src/amf/context.c:2960)
07/16 12:43:32.518: [amf] WARNING: UnRef NF EndPoint(addr) [127.0.0.11:7777] (../src/amf/nausf-handler.c:130)
07/16 12:43:32.518: [amf] INFO: Setup NF EndPoint(addr) [127.0.0.11:7777] (../src/amf/nausf-handler.c:130)
07/16 12:43:32.523: [gmm] WARNING: [suci-0-999-70-0000-0-0-0000000001] Clear NG Context (../src/amf/gmm-sm.c:2597)
07/16 12:43:32.523: [gmm] WARNING: [suci-0-999-70-0000-0-0-0000000001]    RAN_UE_NGAP_ID[2] AMF_UE_NGAP_ID[157] (../src/amf/gmm-sm.c:2597)
07/16 12:43:32.524: [amf] INFO: UE Context Release [Action:1] (../src/amf/ngap-handler.c:1961)
07/16 12:43:32.524: [amf] INFO:     RAN_UE_NGAP_ID[2] AMF_UE_NGAP_ID[157] (../src/amf/ngap-handler.c:1962)
07/16 12:43:32.524: [amf] INFO: [Removed] Number of gNB-UEs is now 1 (../src/amf/context.c:2939)
07/16 12:43:32.528: [amf] WARNING: UnRef NF EndPoint(addr) [127.0.0.13:7777] (../src/amf/npcf-handler.c:143)
07/16 12:43:32.528: [amf] INFO: Setup NF EndPoint(addr) [127.0.0.13:7777] (../src/amf/npcf-handler.c:143)
07/16 12:43:32.731: [gmm] INFO: [imsi-999700000000001] Registration complete (../src/amf/gmm-sm.c:3165)
07/16 12:43:32.731: [amf] INFO: [imsi-999700000000001] Configuration update command (../src/amf/nas-path.c:609)
07/16 12:43:32.731: [gmm] INFO:     UTC [2026-07-16T07:13:32] Timezone[0]/DST[0] (../src/amf/gmm-build.c:551)
07/16 12:43:32.731: [gmm] INFO:     LOCAL [2026-07-16T12:43:32] Timezone[19800]/DST[0] (../src/amf/gmm-build.c:556)
07/16 12:43:32.731: [amf] INFO: [Added] Number of AMF-Sessions is now 20 (../src/amf/context.c:2953)
07/16 12:43:32.731: [gmm] INFO: UE SUPI[imsi-999700000000001] DNN[internet] LBO[0] S_NSSAI[SST:1 SD:0x1] smContextRef[NULL] smContextResourceURI[NULL] (../src/amf/gmm-handler.c:1430)
07/16 12:43:32.731: [gmm] INFO: V-SMF Instance [71651ba6-801c-41f1-9f80-bdddac2ac850](LIST) (../src/amf/gmm-handler.c:1507)
07/16 12:43:32.731: [gmm] INFO: [71651ba6-801c-41f1-9f80-bdddac2ac850] Setup NF Instance [type:SMF] (../src/amf/gmm-handler.c:1509)
07/16 12:43:32.731: [gmm] INFO: V-SMF Instance [71651ba6-801c-41f1-9f80-bdddac2ac850] (../src/amf/gmm-handler.c:1519)
07/16 12:43:32.731: [gmm] INFO: V-SMF discovered in Non-Roaming or LBO-Roaming[0] (../src/amf/gmm-handler.c:1588)
07/16 12:43:32.731: [gmm] INFO: nsmf_pdusession [1:0x5c62e88175f0:(nil)] (../src/amf/gmm-handler.c:1628)
07/16 12:43:32.734: [amf] INFO: Setup NF EndPoint(addr) [127.0.0.4:7777] (../src/amf/nsmf-handler.c:140)
07/16 12:43:32.741: [amf] INFO: [imsi-999700000000001:1:11][0:0:NULL] /nsmf-pdusession/v1/sm-contexts/{smContextRef}/modify (../src/amf/nsmf-handler.c:983)
07/16 12:43:35.561: [amf] INFO: InitialUEMessage (../src/amf/ngap-handler.c:668)
07/16 12:43:35.561: [amf] INFO: [Added] Number of gNB-UEs is now 2 (../src/amf/context.c:2932)
07/16 12:43:35.561: [amf] INFO:     RAN_UE_NGAP_ID[4] AMF_UE_NGAP_ID[159] TAC[1] CellID[0x10] (../src/amf/ngap-handler.c:878)
07/16 12:43:35.561: [amf] INFO: [suci-0-999-70-0000-0-0-0000000001] known UE by SUCI (../src/amf/context.c:1932)
07/16 12:43:35.561: [amf] WARNING: [suci-0-999-70-0000-0-0-0000000001] Holding NG Context (../src/amf/amf-sm.c:1042)
07/16 12:43:35.561: [amf] WARNING: [suci-0-999-70-0000-0-0-0000000001]    RAN_UE_NGAP_ID[3] AMF_UE_NGAP_ID[158] (../src/amf/amf-sm.c:1042)
07/16 12:43:35.561: [gmm] INFO: Registration request (../src/amf/gmm-sm.c:1678)
07/16 12:43:35.561: [gmm] INFO: [suci-0-999-70-0000-0-0-0000000001]    SUCI (../src/amf/gmm-handler.c:186)
07/16 12:43:35.575: [amf] INFO: [imsi-999700000000001:1] Release SM context [204] (../src/amf/amf-sm.c:615)
07/16 12:43:35.575: [amf] INFO: [imsi-999700000000001:1] Release SM Context [state:31] (../src/amf/nsmf-handler.c:1200)
07/16 12:43:35.575: [amf] INFO: [Removed] Number of AMF-Sessions is now 19 (../src/amf/context.c:2960)
07/16 12:43:35.577: [amf] WARNING: UnRef NF EndPoint(addr) [127.0.0.11:7777] (../src/amf/nausf-handler.c:130)
07/16 12:43:35.577: [amf] INFO: Setup NF EndPoint(addr) [127.0.0.11:7777] (../src/amf/nausf-handler.c:130)
07/16 12:43:35.581: [gmm] WARNING: [suci-0-999-70-0000-0-0-0000000001] Clear NG Context (../src/amf/gmm-sm.c:2597)
07/16 12:43:35.581: [gmm] WARNING: [suci-0-999-70-0000-0-0-0000000001]    RAN_UE_NGAP_ID[3] AMF_UE_NGAP_ID[158] (../src/amf/gmm-sm.c:2597)
07/16 12:43:35.581: [amf] INFO: UE Context Release [Action:1] (../src/amf/ngap-handler.c:1961)
07/16 12:43:35.581: [amf] INFO:     RAN_UE_NGAP_ID[3] AMF_UE_NGAP_ID[158] (../src/amf/ngap-handler.c:1962)
07/16 12:43:35.581: [amf] INFO: [Removed] Number of gNB-UEs is now 1 (../src/amf/context.c:2939)
07/16 12:43:35.586: [amf] WARNING: UnRef NF EndPoint(addr) [127.0.0.13:7777] (../src/amf/npcf-handler.c:143)
07/16 12:43:35.586: [amf] INFO: Setup NF EndPoint(addr) [127.0.0.13:7777] (../src/amf/npcf-handler.c:143)
07/16 12:43:35.801: [gmm] INFO: [imsi-999700000000001] Registration complete (../src/amf/gmm-sm.c:3165)
07/16 12:43:35.801: [amf] INFO: [imsi-999700000000001] Configuration update command (../src/amf/nas-path.c:609)
07/16 12:43:35.801: [gmm] INFO:     UTC [2026-07-16T07:13:35] Timezone[0]/DST[0] (../src/amf/gmm-build.c:551)
07/16 12:43:35.801: [gmm] INFO:     LOCAL [2026-07-16T12:43:35] Timezone[19800]/DST[0] (../src/amf/gmm-build.c:556)
07/16 12:43:35.801: [amf] INFO: [Added] Number of AMF-Sessions is now 20 (../src/amf/context.c:2953)
07/16 12:43:35.801: [gmm] INFO: UE SUPI[imsi-999700000000001] DNN[internet] LBO[0] S_NSSAI[SST:1 SD:0x1] smContextRef[NULL] smContextResourceURI[NULL] (../src/amf/gmm-handler.c:1430)
07/16 12:43:35.801: [gmm] INFO: V-SMF Instance [71651ba6-801c-41f1-9f80-bdddac2ac850](LIST) (../src/amf/gmm-handler.c:1507)
07/16 12:43:35.801: [gmm] INFO: [71651ba6-801c-41f1-9f80-bdddac2ac850] Setup NF Instance [type:SMF] (../src/amf/gmm-handler.c:1509)
07/16 12:43:35.801: [gmm] INFO: V-SMF Instance [71651ba6-801c-41f1-9f80-bdddac2ac850] (../src/amf/gmm-handler.c:1519)
07/16 12:43:35.801: [gmm] INFO: V-SMF discovered in Non-Roaming or LBO-Roaming[0] (../src/amf/gmm-handler.c:1588)
07/16 12:43:35.801: [gmm] INFO: nsmf_pdusession [1:0x5c62e88175f0:(nil)] (../src/amf/gmm-handler.c:1628)
07/16 12:43:35.807: [amf] INFO: Setup NF EndPoint(addr) [127.0.0.4:7777] (../src/amf/nsmf-handler.c:140)
07/16 12:43:35.814: [amf] INFO: [imsi-999700000000001:1:11][0:0:NULL] /nsmf-pdusession/v1/sm-contexts/{smContextRef}/modify (../src/amf/nsmf-handler.c:983)
07/16 12:43:38.573: [amf] INFO: InitialUEMessage (../src/amf/ngap-handler.c:668)
07/16 12:43:38.573: [amf] INFO: [Added] Number of gNB-UEs is now 2 (../src/amf/context.c:2932)
07/16 12:43:38.573: [amf] INFO:     RAN_UE_NGAP_ID[5] AMF_UE_NGAP_ID[160] TAC[1] CellID[0x10] (../src/amf/ngap-handler.c:878)
07/16 12:43:38.573: [amf] INFO: [suci-0-999-70-0000-0-0-0000000001] known UE by SUCI (../src/amf/context.c:1932)
07/16 12:43:38.573: [amf] WARNING: [suci-0-999-70-0000-0-0-0000000001] Holding NG Context (../src/amf/amf-sm.c:1042)
07/16 12:43:38.573: [amf] WARNING: [suci-0-999-70-0000-0-0-0000000001]    RAN_UE_NGAP_ID[4] AMF_UE_NGAP_ID[159] (../src/amf/amf-sm.c:1042)
07/16 12:43:38.573: [gmm] INFO: Registration request (../src/amf/gmm-sm.c:1678)
07/16 12:43:38.573: [gmm] INFO: [suci-0-999-70-0000-0-0-0000000001]    SUCI (../src/amf/gmm-handler.c:186)
07/16 12:43:38.576: [amf] INFO: [imsi-999700000000001:1] Release SM context [204] (../src/amf/amf-sm.c:615)
07/16 12:43:38.576: [amf] INFO: [imsi-999700000000001:1] Release SM Context [state:31] (../src/amf/nsmf-handler.c:1200)
07/16 12:43:38.576: [amf] INFO: [Removed] Number of AMF-Sessions is now 19 (../src/amf/context.c:2960)
07/16 12:43:38.578: [amf] WARNING: UnRef NF EndPoint(addr) [127.0.0.11:7777] (../src/amf/nausf-handler.c:130)
07/16 12:43:38.578: [amf] INFO: Setup NF EndPoint(addr) [127.0.0.11:7777] (../src/amf/nausf-handler.c:130)
07/16 12:43:38.582: [gmm] WARNING: [suci-0-999-70-0000-0-0-0000000001] Clear NG Context (../src/amf/gmm-sm.c:2597)
07/16 12:43:38.582: [gmm] WARNING: [suci-0-999-70-0000-0-0-0000000001]    RAN_UE_NGAP_ID[4] AMF_UE_NGAP_ID[159] (../src/amf/gmm-sm.c:2597)
07/16 12:43:38.583: [amf] INFO: UE Context Release [Action:1] (../src/amf/ngap-handler.c:1961)
07/16 12:43:38.583: [amf] INFO:     RAN_UE_NGAP_ID[4] AMF_UE_NGAP_ID[159] (../src/amf/ngap-handler.c:1962)
07/16 12:43:38.583: [amf] INFO: [Removed] Number of gNB-UEs is now 1 (../src/amf/context.c:2939)
07/16 12:43:38.588: [amf] WARNING: UnRef NF EndPoint(addr) [127.0.0.13:7777] (../src/amf/npcf-handler.c:143)
07/16 12:43:38.588: [amf] INFO: Setup NF EndPoint(addr) [127.0.0.13:7777] (../src/amf/npcf-handler.c:143)
07/16 12:43:38.793: [gmm] INFO: [imsi-999700000000001] Registration complete (../src/amf/gmm-sm.c:3165)
07/16 12:43:38.793: [amf] INFO: [imsi-999700000000001] Configuration update command (../src/amf/nas-path.c:609)
07/16 12:43:38.793: [gmm] INFO:     UTC [2026-07-16T07:13:38] Timezone[0]/DST[0] (../src/amf/gmm-build.c:551)
07/16 12:43:38.793: [gmm] INFO:     LOCAL [2026-07-16T12:43:38] Timezone[19800]/DST[0] (../src/amf/gmm-build.c:556)
07/16 12:43:38.793: [amf] INFO: [Added] Number of AMF-Sessions is now 20 (../src/amf/context.c:2953)
07/16 12:43:38.793: [gmm] INFO: UE SUPI[imsi-999700000000001] DNN[internet] LBO[0] S_NSSAI[SST:1 SD:0x1] smContextRef[NULL] smContextResourceURI[NULL] (../src/amf/gmm-handler.c:1430)
07/16 12:43:38.793: [gmm] INFO: V-SMF Instance [71651ba6-801c-41f1-9f80-bdddac2ac850](LIST) (../src/amf/gmm-handler.c:1507)
07/16 12:43:38.793: [gmm] INFO: [71651ba6-801c-41f1-9f80-bdddac2ac850] Setup NF Instance [type:SMF] (../src/amf/gmm-handler.c:1509)
07/16 12:43:38.793: [gmm] INFO: V-SMF Instance [71651ba6-801c-41f1-9f80-bdddac2ac850] (../src/amf/gmm-handler.c:1519)
07/16 12:43:38.793: [gmm] INFO: V-SMF discovered in Non-Roaming or LBO-Roaming[0] (../src/amf/gmm-handler.c:1588)
07/16 12:43:38.793: [gmm] INFO: nsmf_pdusession [1:0x5c62e88175f0:(nil)] (../src/amf/gmm-handler.c:1628)
07/16 12:43:38.797: [amf] INFO: Setup NF EndPoint(addr) [127.0.0.4:7777] (../src/amf/nsmf-handler.c:140)
07/16 12:43:38.802: [amf] INFO: [imsi-999700000000001:1:11][0:0:NULL] /nsmf-pdusession/v1/sm-contexts/{smContextRef}/modify (../src/amf/nsmf-handler.c:983)
07/16 12:43:41.853: [amf] INFO: [imsi-999700000000001:1:13][0:0:NULL] /nsmf-pdusession/v1/sm-contexts/{smContextRef}/modify (../src/amf/nsmf-handler.c:983)
07/16 12:43:41.853: [amf] INFO: UE Context Release [Action:2] (../src/amf/ngap-handler.c:1961)
07/16 12:43:41.853: [amf] INFO:     RAN_UE_NGAP_ID[5] AMF_UE_NGAP_ID[160] (../src/amf/ngap-handler.c:1962)
07/16 12:43:41.853: [amf] INFO:     SUCI[suci-0-999-70-0000-0-0-0000000001] (../src/amf/ngap-handler.c:1966)
07/16 12:43:41.853: [amf] INFO: [Removed] Number of gNB-UEs is now 0 (../src/amf/context.c:2939)
