07/16 13:27:58.839: [amf] INFO: gNB-N2[127.0.0.1] connection refused!!! (../src/amf/amf-sm.c:878)
07/16 13:27:58.839: [amf] INFO: [Removed] Number of gNBs is now 0 (../src/amf/context.c:1305)
07/16 13:28:14.669: [amf] INFO: gNB-N2 accepted[127.0.0.1]:57929 in ng-path module (../src/amf/ngap-sctp.c:113)
07/16 13:28:14.669: [amf] INFO: gNB-N2 accepted[127.0.0.1] in master_sm module (../src/amf/amf-sm.c:818)
07/16 13:28:14.680: [amf] INFO: [Added] Number of gNBs is now 1 (../src/amf/context.c:1277)
07/16 13:28:14.680: [amf] INFO: gNB-N2[127.0.0.1] max_num_of_ostreams : 10 (../src/amf/amf-sm.c:865)
07/16 13:28:47.090: [gmm] WARNING: [imsi-999700000000001] Mobile Reachable Timer Expired (../src/amf/gmm-sm.c:1020)
07/16 13:30:32.579: [amf] INFO: InitialUEMessage (../src/amf/ngap-handler.c:668)
07/16 13:30:32.579: [amf] INFO: [Added] Number of gNB-UEs is now 1 (../src/amf/context.c:2932)
07/16 13:30:32.579: [amf] INFO:     RAN_UE_NGAP_ID[1] AMF_UE_NGAP_ID[170] TAC[1] CellID[0x10] (../src/amf/ngap-handler.c:878)
07/16 13:30:32.579: [amf] INFO: [suci-0-999-70-0000-0-0-0009999999] Unknown UE by SUCI (../src/amf/context.c:1934)
07/16 13:30:32.579: [amf] INFO: [Added] Number of AMF-UEs is now 2 (../src/amf/context.c:1699)
07/16 13:30:32.579: [gmm] INFO: Registration request (../src/amf/gmm-sm.c:1678)
07/16 13:30:32.579: [gmm] INFO: [suci-0-999-70-0000-0-0-0009999999]    SUCI (../src/amf/gmm-handler.c:186)
07/16 13:30:32.579: [sbi] INFO: [715d52ae-801c-41f1-8220-c30206448686] Setup NF Instance [type:AUSF] (../lib/sbi/path.c:349)
07/16 13:30:32.584: [gmm] WARNING: [suci-0-999-70-0000-0-0-0009999999] Cannot find SUCI [404] (../src/amf/gmm-sm.c:2299)
07/16 13:30:32.585: [amf] WARNING: [suci-0-999-70-0000-0-0-0009999999] Registration reject [7] (../src/amf/nas-path.c:213)
07/16 13:30:32.585: [gmm] WARNING: [(null)] Failure in transaction; no context restoration. (../src/amf/gmm-sm.c:2310)
07/16 13:30:32.586: [amf] INFO: UE Context Release [Action:3] (../src/amf/ngap-handler.c:1961)
07/16 13:30:32.586: [amf] INFO:     RAN_UE_NGAP_ID[1] AMF_UE_NGAP_ID[170] (../src/amf/ngap-handler.c:1962)
07/16 13:30:32.586: [amf] INFO:     SUCI[suci-0-999-70-0000-0-0-0009999999] (../src/amf/ngap-handler.c:1966)
07/16 13:30:32.586: [amf] INFO: [Removed] Number of gNB-UEs is now 0 (../src/amf/context.c:2939)
07/16 13:30:32.586: [amf] INFO: [Removed] Number of AMF-UEs is now 1 (../src/amf/context.c:1799)
