07/24 12:07:01.393: [amf] INFO: gNB-N2[127.0.0.1] connection refused!!! (../src/amf/amf-sm.c:878)
07/24 12:07:01.393: [amf] INFO: [Removed] Number of gNBs is now 0 (../src/amf/context.c:1305)
07/24 12:07:13.160: [amf] INFO: gNB-N2 accepted[127.0.0.1]:54876 in ng-path module (../src/amf/ngap-sctp.c:113)
07/24 12:07:13.160: [amf] INFO: gNB-N2 accepted[127.0.0.1] in master_sm module (../src/amf/amf-sm.c:818)
07/24 12:07:13.167: [amf] INFO: [Added] Number of gNBs is now 1 (../src/amf/context.c:1277)
07/24 12:07:13.167: [amf] INFO: gNB-N2[127.0.0.1] max_num_of_ostreams : 10 (../src/amf/amf-sm.c:865)
07/24 12:07:17.297: [amf] INFO: InitialUEMessage (../src/amf/ngap-handler.c:668)
07/24 12:07:17.297: [amf] INFO: [Added] Number of gNB-UEs is now 1 (../src/amf/context.c:2932)
07/24 12:07:17.297: [amf] INFO:     RAN_UE_NGAP_ID[1] AMF_UE_NGAP_ID[30] TAC[1] CellID[0x10] (../src/amf/ngap-handler.c:878)
07/24 12:07:17.297: [amf] INFO: [suci-0-999-70-0000-0-0-0000000001] known UE by SUCI (../src/amf/context.c:1932)
07/24 12:07:17.297: [gmm] INFO: Registration request (../src/amf/gmm-sm.c:1678)
07/24 12:07:17.297: [gmm] INFO: [suci-0-999-70-0000-0-0-0000000001]    SUCI (../src/amf/gmm-handler.c:186)
07/24 12:07:17.301: [amf] INFO: [imsi-999700000000001:1] Release SM context [204] (../src/amf/amf-sm.c:615)
07/24 12:07:17.301: [amf] INFO: [imsi-999700000000001:1] Release SM Context [state:31] (../src/amf/nsmf-handler.c:1200)
07/24 12:07:17.301: [amf] INFO: [Removed] Number of AMF-Sessions is now 0 (../src/amf/context.c:2960)
07/24 12:07:17.303: [amf] WARNING: UnRef NF EndPoint(addr) [127.0.0.11:7777] (../src/amf/nausf-handler.c:130)
07/24 12:07:17.303: [amf] INFO: Setup NF EndPoint(addr) [127.0.0.11:7777] (../src/amf/nausf-handler.c:130)
07/24 12:07:17.313: [amf] WARNING: UnRef NF EndPoint(addr) [127.0.0.13:7777] (../src/amf/npcf-handler.c:143)
07/24 12:07:17.313: [amf] INFO: Setup NF EndPoint(addr) [127.0.0.13:7777] (../src/amf/npcf-handler.c:143)
07/24 12:07:17.527: [gmm] INFO: [imsi-999700000000001] Registration complete (../src/amf/gmm-sm.c:3165)
07/24 12:07:17.527: [amf] INFO: [imsi-999700000000001] Configuration update command (../src/amf/nas-path.c:609)
07/24 12:07:17.527: [gmm] INFO:     UTC [2026-07-24T06:37:17] Timezone[0]/DST[0] (../src/amf/gmm-build.c:551)
07/24 12:07:17.527: [gmm] INFO:     LOCAL [2026-07-24T12:07:17] Timezone[19800]/DST[0] (../src/amf/gmm-build.c:556)
07/24 12:07:17.527: [amf] INFO: [Added] Number of AMF-Sessions is now 1 (../src/amf/context.c:2953)
07/24 12:07:17.527: [gmm] INFO: UE SUPI[imsi-999700000000001] DNN[internet] LBO[0] S_NSSAI[SST:1 SD:0x1] smContextRef[NULL] smContextResourceURI[NULL] (../src/amf/gmm-handler.c:1430)
07/24 12:07:17.527: [gmm] INFO: V-SMF Instance [37a5965c-8661-41f1-9029-e98f9b77d7ab](LIST) (../src/amf/gmm-handler.c:1507)
07/24 12:07:17.527: [gmm] INFO: [37a5965c-8661-41f1-9029-e98f9b77d7ab] Setup NF Instance [type:SMF] (../src/amf/gmm-handler.c:1509)
07/24 12:07:17.527: [gmm] INFO: V-SMF Instance [37a5965c-8661-41f1-9029-e98f9b77d7ab] (../src/amf/gmm-handler.c:1519)
07/24 12:07:17.527: [gmm] INFO: V-SMF discovered in Non-Roaming or LBO-Roaming[0] (../src/amf/gmm-handler.c:1588)
07/24 12:07:17.527: [gmm] INFO: nsmf_pdusession [1:0x641cd08695f0:(nil)] (../src/amf/gmm-handler.c:1628)
07/24 12:07:17.531: [amf] INFO: Setup NF EndPoint(addr) [127.0.0.4:7777] (../src/amf/nsmf-handler.c:140)
07/24 12:07:17.538: [amf] INFO: [imsi-999700000000001:1:11][0:0:NULL] /nsmf-pdusession/v1/sm-contexts/{smContextRef}/modify (../src/amf/nsmf-handler.c:983)
07/24 12:07:20.354: [amf] INFO: InitialUEMessage (../src/amf/ngap-handler.c:668)
07/24 12:07:20.354: [amf] INFO: [Added] Number of gNB-UEs is now 2 (../src/amf/context.c:2932)
07/24 12:07:20.354: [amf] INFO:     RAN_UE_NGAP_ID[2] AMF_UE_NGAP_ID[31] TAC[1] CellID[0x10] (../src/amf/ngap-handler.c:878)
07/24 12:07:20.354: [amf] INFO: [suci-0-999-70-0000-0-0-0000000001] known UE by SUCI (../src/amf/context.c:1932)
07/24 12:07:20.354: [amf] WARNING: [suci-0-999-70-0000-0-0-0000000001] Holding NG Context (../src/amf/amf-sm.c:1042)
07/24 12:07:20.354: [amf] WARNING: [suci-0-999-70-0000-0-0-0000000001]    RAN_UE_NGAP_ID[1] AMF_UE_NGAP_ID[30] (../src/amf/amf-sm.c:1042)
07/24 12:07:20.354: [gmm] INFO: Registration request (../src/amf/gmm-sm.c:1678)
07/24 12:07:20.354: [gmm] INFO: [suci-0-999-70-0000-0-0-0000000001]    SUCI (../src/amf/gmm-handler.c:186)
07/24 12:07:20.358: [amf] INFO: [imsi-999700000000001:1] Release SM context [204] (../src/amf/amf-sm.c:615)
07/24 12:07:20.358: [amf] INFO: [imsi-999700000000001:1] Release SM Context [state:31] (../src/amf/nsmf-handler.c:1200)
07/24 12:07:20.358: [amf] INFO: [Removed] Number of AMF-Sessions is now 0 (../src/amf/context.c:2960)
07/24 12:07:20.360: [amf] WARNING: UnRef NF EndPoint(addr) [127.0.0.11:7777] (../src/amf/nausf-handler.c:130)
07/24 12:07:20.360: [amf] INFO: Setup NF EndPoint(addr) [127.0.0.11:7777] (../src/amf/nausf-handler.c:130)
07/24 12:07:20.365: [gmm] WARNING: [suci-0-999-70-0000-0-0-0000000001] Clear NG Context (../src/amf/gmm-sm.c:2597)
07/24 12:07:20.365: [gmm] WARNING: [suci-0-999-70-0000-0-0-0000000001]    RAN_UE_NGAP_ID[1] AMF_UE_NGAP_ID[30] (../src/amf/gmm-sm.c:2597)
07/24 12:07:20.366: [amf] INFO: UE Context Release [Action:1] (../src/amf/ngap-handler.c:1961)
07/24 12:07:20.366: [amf] INFO:     RAN_UE_NGAP_ID[1] AMF_UE_NGAP_ID[30] (../src/amf/ngap-handler.c:1962)
07/24 12:07:20.366: [amf] INFO: [Removed] Number of gNB-UEs is now 1 (../src/amf/context.c:2939)
07/24 12:07:20.372: [amf] WARNING: UnRef NF EndPoint(addr) [127.0.0.13:7777] (../src/amf/npcf-handler.c:143)
07/24 12:07:20.372: [amf] INFO: Setup NF EndPoint(addr) [127.0.0.13:7777] (../src/amf/npcf-handler.c:143)
07/24 12:07:20.590: [gmm] INFO: [imsi-999700000000001] Registration complete (../src/amf/gmm-sm.c:3165)
07/24 12:07:20.590: [amf] INFO: [imsi-999700000000001] Configuration update command (../src/amf/nas-path.c:609)
07/24 12:07:20.590: [gmm] INFO:     UTC [2026-07-24T06:37:20] Timezone[0]/DST[0] (../src/amf/gmm-build.c:551)
07/24 12:07:20.590: [gmm] INFO:     LOCAL [2026-07-24T12:07:20] Timezone[19800]/DST[0] (../src/amf/gmm-build.c:556)
07/24 12:07:20.590: [amf] INFO: [Added] Number of AMF-Sessions is now 1 (../src/amf/context.c:2953)
07/24 12:07:20.590: [gmm] INFO: UE SUPI[imsi-999700000000001] DNN[internet] LBO[0] S_NSSAI[SST:1 SD:0x1] smContextRef[NULL] smContextResourceURI[NULL] (../src/amf/gmm-handler.c:1430)
07/24 12:07:20.590: [gmm] INFO: V-SMF Instance [37a5965c-8661-41f1-9029-e98f9b77d7ab](LIST) (../src/amf/gmm-handler.c:1507)
07/24 12:07:20.590: [gmm] INFO: [37a5965c-8661-41f1-9029-e98f9b77d7ab] Setup NF Instance [type:SMF] (../src/amf/gmm-handler.c:1509)
07/24 12:07:20.590: [gmm] INFO: V-SMF Instance [37a5965c-8661-41f1-9029-e98f9b77d7ab] (../src/amf/gmm-handler.c:1519)
07/24 12:07:20.590: [gmm] INFO: V-SMF discovered in Non-Roaming or LBO-Roaming[0] (../src/amf/gmm-handler.c:1588)
07/24 12:07:20.590: [gmm] INFO: nsmf_pdusession [1:0x641cd08695f0:(nil)] (../src/amf/gmm-handler.c:1628)
07/24 12:07:20.595: [amf] INFO: Setup NF EndPoint(addr) [127.0.0.4:7777] (../src/amf/nsmf-handler.c:140)
07/24 12:07:20.600: [amf] INFO: [imsi-999700000000001:1:11][0:0:NULL] /nsmf-pdusession/v1/sm-contexts/{smContextRef}/modify (../src/amf/nsmf-handler.c:983)
07/24 12:07:23.371: [amf] INFO: InitialUEMessage (../src/amf/ngap-handler.c:668)
07/24 12:07:23.371: [amf] INFO: [Added] Number of gNB-UEs is now 2 (../src/amf/context.c:2932)
07/24 12:07:23.371: [amf] INFO:     RAN_UE_NGAP_ID[3] AMF_UE_NGAP_ID[32] TAC[1] CellID[0x10] (../src/amf/ngap-handler.c:878)
07/24 12:07:23.371: [amf] INFO: [suci-0-999-70-0000-0-0-0000000001] known UE by SUCI (../src/amf/context.c:1932)
07/24 12:07:23.371: [amf] WARNING: [suci-0-999-70-0000-0-0-0000000001] Holding NG Context (../src/amf/amf-sm.c:1042)
07/24 12:07:23.371: [amf] WARNING: [suci-0-999-70-0000-0-0-0000000001]    RAN_UE_NGAP_ID[2] AMF_UE_NGAP_ID[31] (../src/amf/amf-sm.c:1042)
07/24 12:07:23.371: [gmm] INFO: Registration request (../src/amf/gmm-sm.c:1678)
07/24 12:07:23.371: [gmm] INFO: [suci-0-999-70-0000-0-0-0000000001]    SUCI (../src/amf/gmm-handler.c:186)
07/24 12:07:23.375: [amf] INFO: [imsi-999700000000001:1] Release SM context [204] (../src/amf/amf-sm.c:615)
07/24 12:07:23.375: [amf] INFO: [imsi-999700000000001:1] Release SM Context [state:31] (../src/amf/nsmf-handler.c:1200)
07/24 12:07:23.375: [amf] INFO: [Removed] Number of AMF-Sessions is now 0 (../src/amf/context.c:2960)
07/24 12:07:23.377: [amf] WARNING: UnRef NF EndPoint(addr) [127.0.0.11:7777] (../src/amf/nausf-handler.c:130)
07/24 12:07:23.377: [amf] INFO: Setup NF EndPoint(addr) [127.0.0.11:7777] (../src/amf/nausf-handler.c:130)
07/24 12:07:23.383: [gmm] WARNING: [suci-0-999-70-0000-0-0-0000000001] Clear NG Context (../src/amf/gmm-sm.c:2597)
07/24 12:07:23.383: [gmm] WARNING: [suci-0-999-70-0000-0-0-0000000001]    RAN_UE_NGAP_ID[2] AMF_UE_NGAP_ID[31] (../src/amf/gmm-sm.c:2597)
07/24 12:07:23.383: [amf] INFO: UE Context Release [Action:1] (../src/amf/ngap-handler.c:1961)
07/24 12:07:23.383: [amf] INFO:     RAN_UE_NGAP_ID[2] AMF_UE_NGAP_ID[31] (../src/amf/ngap-handler.c:1962)
07/24 12:07:23.383: [amf] INFO: [Removed] Number of gNB-UEs is now 1 (../src/amf/context.c:2939)
07/24 12:07:23.389: [amf] WARNING: UnRef NF EndPoint(addr) [127.0.0.13:7777] (../src/amf/npcf-handler.c:143)
07/24 12:07:23.389: [amf] INFO: Setup NF EndPoint(addr) [127.0.0.13:7777] (../src/amf/npcf-handler.c:143)
07/24 12:07:23.593: [gmm] INFO: [imsi-999700000000001] Registration complete (../src/amf/gmm-sm.c:3165)
07/24 12:07:23.593: [amf] INFO: [imsi-999700000000001] Configuration update command (../src/amf/nas-path.c:609)
07/24 12:07:23.593: [gmm] INFO:     UTC [2026-07-24T06:37:23] Timezone[0]/DST[0] (../src/amf/gmm-build.c:551)
07/24 12:07:23.593: [gmm] INFO:     LOCAL [2026-07-24T12:07:23] Timezone[19800]/DST[0] (../src/amf/gmm-build.c:556)
07/24 12:07:23.593: [amf] INFO: [Added] Number of AMF-Sessions is now 1 (../src/amf/context.c:2953)
07/24 12:07:23.593: [gmm] INFO: UE SUPI[imsi-999700000000001] DNN[internet] LBO[0] S_NSSAI[SST:1 SD:0x1] smContextRef[NULL] smContextResourceURI[NULL] (../src/amf/gmm-handler.c:1430)
07/24 12:07:23.593: [gmm] INFO: V-SMF Instance [37a5965c-8661-41f1-9029-e98f9b77d7ab](LIST) (../src/amf/gmm-handler.c:1507)
07/24 12:07:23.593: [gmm] INFO: [37a5965c-8661-41f1-9029-e98f9b77d7ab] Setup NF Instance [type:SMF] (../src/amf/gmm-handler.c:1509)
07/24 12:07:23.593: [gmm] INFO: V-SMF Instance [37a5965c-8661-41f1-9029-e98f9b77d7ab] (../src/amf/gmm-handler.c:1519)
07/24 12:07:23.593: [gmm] INFO: V-SMF discovered in Non-Roaming or LBO-Roaming[0] (../src/amf/gmm-handler.c:1588)
07/24 12:07:23.593: [gmm] INFO: nsmf_pdusession [1:0x641cd08695f0:(nil)] (../src/amf/gmm-handler.c:1628)
07/24 12:07:23.597: [amf] INFO: Setup NF EndPoint(addr) [127.0.0.4:7777] (../src/amf/nsmf-handler.c:140)
07/24 12:07:23.606: [amf] INFO: [imsi-999700000000001:1:11][0:0:NULL] /nsmf-pdusession/v1/sm-contexts/{smContextRef}/modify (../src/amf/nsmf-handler.c:983)
07/24 12:07:26.402: [amf] INFO: InitialUEMessage (../src/amf/ngap-handler.c:668)
07/24 12:07:26.402: [amf] INFO: [Added] Number of gNB-UEs is now 2 (../src/amf/context.c:2932)
07/24 12:07:26.402: [amf] INFO:     RAN_UE_NGAP_ID[4] AMF_UE_NGAP_ID[33] TAC[1] CellID[0x10] (../src/amf/ngap-handler.c:878)
07/24 12:07:26.402: [amf] INFO: [suci-0-999-70-0000-0-0-0000000001] known UE by SUCI (../src/amf/context.c:1932)
07/24 12:07:26.402: [amf] WARNING: [suci-0-999-70-0000-0-0-0000000001] Holding NG Context (../src/amf/amf-sm.c:1042)
07/24 12:07:26.402: [amf] WARNING: [suci-0-999-70-0000-0-0-0000000001]    RAN_UE_NGAP_ID[3] AMF_UE_NGAP_ID[32] (../src/amf/amf-sm.c:1042)
07/24 12:07:26.402: [gmm] INFO: Registration request (../src/amf/gmm-sm.c:1678)
07/24 12:07:26.402: [gmm] INFO: [suci-0-999-70-0000-0-0-0000000001]    SUCI (../src/amf/gmm-handler.c:186)
07/24 12:07:26.407: [amf] INFO: [imsi-999700000000001:1] Release SM context [204] (../src/amf/amf-sm.c:615)
07/24 12:07:26.407: [amf] INFO: [imsi-999700000000001:1] Release SM Context [state:31] (../src/amf/nsmf-handler.c:1200)
07/24 12:07:26.407: [amf] INFO: [Removed] Number of AMF-Sessions is now 0 (../src/amf/context.c:2960)
07/24 12:07:26.410: [amf] WARNING: UnRef NF EndPoint(addr) [127.0.0.11:7777] (../src/amf/nausf-handler.c:130)
07/24 12:07:26.410: [amf] INFO: Setup NF EndPoint(addr) [127.0.0.11:7777] (../src/amf/nausf-handler.c:130)
07/24 12:07:26.417: [gmm] WARNING: [suci-0-999-70-0000-0-0-0000000001] Clear NG Context (../src/amf/gmm-sm.c:2597)
07/24 12:07:26.417: [gmm] WARNING: [suci-0-999-70-0000-0-0-0000000001]    RAN_UE_NGAP_ID[3] AMF_UE_NGAP_ID[32] (../src/amf/gmm-sm.c:2597)
07/24 12:07:26.418: [amf] INFO: UE Context Release [Action:1] (../src/amf/ngap-handler.c:1961)
07/24 12:07:26.418: [amf] INFO:     RAN_UE_NGAP_ID[3] AMF_UE_NGAP_ID[32] (../src/amf/ngap-handler.c:1962)
07/24 12:07:26.418: [amf] INFO: [Removed] Number of gNB-UEs is now 1 (../src/amf/context.c:2939)
07/24 12:07:26.423: [amf] WARNING: UnRef NF EndPoint(addr) [127.0.0.13:7777] (../src/amf/npcf-handler.c:143)
07/24 12:07:26.424: [amf] INFO: Setup NF EndPoint(addr) [127.0.0.13:7777] (../src/amf/npcf-handler.c:143)
07/24 12:07:26.638: [gmm] INFO: [imsi-999700000000001] Registration complete (../src/amf/gmm-sm.c:3165)
07/24 12:07:26.638: [amf] INFO: [imsi-999700000000001] Configuration update command (../src/amf/nas-path.c:609)
07/24 12:07:26.638: [gmm] INFO:     UTC [2026-07-24T06:37:26] Timezone[0]/DST[0] (../src/amf/gmm-build.c:551)
07/24 12:07:26.638: [gmm] INFO:     LOCAL [2026-07-24T12:07:26] Timezone[19800]/DST[0] (../src/amf/gmm-build.c:556)
07/24 12:07:26.638: [amf] INFO: [Added] Number of AMF-Sessions is now 1 (../src/amf/context.c:2953)
07/24 12:07:26.638: [gmm] INFO: UE SUPI[imsi-999700000000001] DNN[internet] LBO[0] S_NSSAI[SST:1 SD:0x1] smContextRef[NULL] smContextResourceURI[NULL] (../src/amf/gmm-handler.c:1430)
07/24 12:07:26.638: [gmm] INFO: V-SMF Instance [37a5965c-8661-41f1-9029-e98f9b77d7ab](LIST) (../src/amf/gmm-handler.c:1507)
07/24 12:07:26.638: [gmm] INFO: [37a5965c-8661-41f1-9029-e98f9b77d7ab] Setup NF Instance [type:SMF] (../src/amf/gmm-handler.c:1509)
07/24 12:07:26.638: [gmm] INFO: V-SMF Instance [37a5965c-8661-41f1-9029-e98f9b77d7ab] (../src/amf/gmm-handler.c:1519)
07/24 12:07:26.638: [gmm] INFO: V-SMF discovered in Non-Roaming or LBO-Roaming[0] (../src/amf/gmm-handler.c:1588)
07/24 12:07:26.638: [gmm] INFO: nsmf_pdusession [1:0x641cd08695f0:(nil)] (../src/amf/gmm-handler.c:1628)
07/24 12:07:26.643: [amf] INFO: Setup NF EndPoint(addr) [127.0.0.4:7777] (../src/amf/nsmf-handler.c:140)
07/24 12:07:26.650: [amf] INFO: [imsi-999700000000001:1:11][0:0:NULL] /nsmf-pdusession/v1/sm-contexts/{smContextRef}/modify (../src/amf/nsmf-handler.c:983)
07/24 12:07:29.418: [amf] INFO: InitialUEMessage (../src/amf/ngap-handler.c:668)
07/24 12:07:29.418: [amf] INFO: [Added] Number of gNB-UEs is now 2 (../src/amf/context.c:2932)
07/24 12:07:29.418: [amf] INFO:     RAN_UE_NGAP_ID[5] AMF_UE_NGAP_ID[34] TAC[1] CellID[0x10] (../src/amf/ngap-handler.c:878)
07/24 12:07:29.418: [amf] INFO: [suci-0-999-70-0000-0-0-0000000001] known UE by SUCI (../src/amf/context.c:1932)
07/24 12:07:29.418: [amf] WARNING: [suci-0-999-70-0000-0-0-0000000001] Holding NG Context (../src/amf/amf-sm.c:1042)
07/24 12:07:29.418: [amf] WARNING: [suci-0-999-70-0000-0-0-0000000001]    RAN_UE_NGAP_ID[4] AMF_UE_NGAP_ID[33] (../src/amf/amf-sm.c:1042)
07/24 12:07:29.418: [gmm] INFO: Registration request (../src/amf/gmm-sm.c:1678)
07/24 12:07:29.418: [gmm] INFO: [suci-0-999-70-0000-0-0-0000000001]    SUCI (../src/amf/gmm-handler.c:186)
07/24 12:07:29.422: [amf] INFO: [imsi-999700000000001:1] Release SM context [204] (../src/amf/amf-sm.c:615)
07/24 12:07:29.422: [amf] INFO: [imsi-999700000000001:1] Release SM Context [state:31] (../src/amf/nsmf-handler.c:1200)
07/24 12:07:29.422: [amf] INFO: [Removed] Number of AMF-Sessions is now 0 (../src/amf/context.c:2960)
07/24 12:07:29.424: [amf] WARNING: UnRef NF EndPoint(addr) [127.0.0.11:7777] (../src/amf/nausf-handler.c:130)
07/24 12:07:29.424: [amf] INFO: Setup NF EndPoint(addr) [127.0.0.11:7777] (../src/amf/nausf-handler.c:130)
07/24 12:07:29.429: [gmm] WARNING: [suci-0-999-70-0000-0-0-0000000001] Clear NG Context (../src/amf/gmm-sm.c:2597)
07/24 12:07:29.429: [gmm] WARNING: [suci-0-999-70-0000-0-0-0000000001]    RAN_UE_NGAP_ID[4] AMF_UE_NGAP_ID[33] (../src/amf/gmm-sm.c:2597)
07/24 12:07:29.429: [amf] INFO: UE Context Release [Action:1] (../src/amf/ngap-handler.c:1961)
07/24 12:07:29.429: [amf] INFO:     RAN_UE_NGAP_ID[4] AMF_UE_NGAP_ID[33] (../src/amf/ngap-handler.c:1962)
07/24 12:07:29.429: [amf] INFO: [Removed] Number of gNB-UEs is now 1 (../src/amf/context.c:2939)
07/24 12:07:29.446: [amf] WARNING: UnRef NF EndPoint(addr) [127.0.0.13:7777] (../src/amf/npcf-handler.c:143)
07/24 12:07:29.446: [amf] INFO: Setup NF EndPoint(addr) [127.0.0.13:7777] (../src/amf/npcf-handler.c:143)
07/24 12:07:29.648: [gmm] INFO: [imsi-999700000000001] Registration complete (../src/amf/gmm-sm.c:3165)
07/24 12:07:29.648: [amf] INFO: [imsi-999700000000001] Configuration update command (../src/amf/nas-path.c:609)
07/24 12:07:29.648: [gmm] INFO:     UTC [2026-07-24T06:37:29] Timezone[0]/DST[0] (../src/amf/gmm-build.c:551)
07/24 12:07:29.648: [gmm] INFO:     LOCAL [2026-07-24T12:07:29] Timezone[19800]/DST[0] (../src/amf/gmm-build.c:556)
07/24 12:07:29.648: [amf] INFO: [Added] Number of AMF-Sessions is now 1 (../src/amf/context.c:2953)
07/24 12:07:29.648: [gmm] INFO: UE SUPI[imsi-999700000000001] DNN[internet] LBO[0] S_NSSAI[SST:1 SD:0x1] smContextRef[NULL] smContextResourceURI[NULL] (../src/amf/gmm-handler.c:1430)
07/24 12:07:29.648: [gmm] INFO: V-SMF Instance [37a5965c-8661-41f1-9029-e98f9b77d7ab](LIST) (../src/amf/gmm-handler.c:1507)
07/24 12:07:29.648: [gmm] INFO: [37a5965c-8661-41f1-9029-e98f9b77d7ab] Setup NF Instance [type:SMF] (../src/amf/gmm-handler.c:1509)
07/24 12:07:29.648: [gmm] INFO: V-SMF Instance [37a5965c-8661-41f1-9029-e98f9b77d7ab] (../src/amf/gmm-handler.c:1519)
07/24 12:07:29.648: [gmm] INFO: V-SMF discovered in Non-Roaming or LBO-Roaming[0] (../src/amf/gmm-handler.c:1588)
07/24 12:07:29.648: [gmm] INFO: nsmf_pdusession [1:0x641cd08695f0:(nil)] (../src/amf/gmm-handler.c:1628)
07/24 12:07:29.652: [amf] INFO: Setup NF EndPoint(addr) [127.0.0.4:7777] (../src/amf/nsmf-handler.c:140)
07/24 12:07:29.657: [amf] INFO: [imsi-999700000000001:1:11][0:0:NULL] /nsmf-pdusession/v1/sm-contexts/{smContextRef}/modify (../src/amf/nsmf-handler.c:983)
07/24 12:07:33.353: [amf] INFO: [imsi-999700000000001:1:13][0:0:NULL] /nsmf-pdusession/v1/sm-contexts/{smContextRef}/modify (../src/amf/nsmf-handler.c:983)
07/24 12:07:33.353: [amf] INFO: UE Context Release [Action:2] (../src/amf/ngap-handler.c:1961)
07/24 12:07:33.353: [amf] INFO:     RAN_UE_NGAP_ID[5] AMF_UE_NGAP_ID[34] (../src/amf/ngap-handler.c:1962)
07/24 12:07:33.353: [amf] INFO:     SUCI[suci-0-999-70-0000-0-0-0000000001] (../src/amf/ngap-handler.c:1966)
07/24 12:07:33.353: [amf] INFO: [Removed] Number of gNB-UEs is now 0 (../src/amf/context.c:2939)
