07/08 11:27:46.980: [amf] INFO: gNB-N2 accepted[127.0.0.1]:60354 in ng-path module (../src/amf/ngap-sctp.c:113)
07/08 11:27:46.980: [amf] INFO: gNB-N2 accepted[127.0.0.1] in master_sm module (../src/amf/amf-sm.c:818)
07/08 11:27:46.985: [amf] INFO: [Added] Number of gNBs is now 1 (../src/amf/context.c:1277)
07/08 11:27:46.985: [amf] INFO: gNB-N2[127.0.0.1] max_num_of_ostreams : 10 (../src/amf/amf-sm.c:865)
07/08 11:27:49.965: [amf] INFO: InitialUEMessage (../src/amf/ngap-handler.c:668)
07/08 11:27:49.965: [amf] INFO: [Added] Number of gNB-UEs is now 1 (../src/amf/context.c:2932)
07/08 11:27:49.965: [amf] INFO:     RAN_UE_NGAP_ID[1] AMF_UE_NGAP_ID[39] TAC[1] CellID[0x10] (../src/amf/ngap-handler.c:878)
07/08 11:27:49.965: [amf] INFO: [suci-0-999-70-0000-0-0-0000000001] known UE by SUCI (../src/amf/context.c:1932)
07/08 11:27:49.965: [gmm] INFO: Registration request (../src/amf/gmm-sm.c:1678)
07/08 11:27:49.965: [gmm] INFO: [suci-0-999-70-0000-0-0-0000000001]    SUCI (../src/amf/gmm-handler.c:186)
07/08 11:27:49.969: [amf] INFO: [imsi-999700000000001:1] Release SM context [204] (../src/amf/amf-sm.c:615)
07/08 11:27:49.969: [amf] INFO: [imsi-999700000000001:1] Release SM Context [state:31] (../src/amf/nsmf-handler.c:1200)
07/08 11:27:49.969: [amf] INFO: [Removed] Number of AMF-Sessions is now 1 (../src/amf/context.c:2960)
07/08 11:27:49.971: [amf] WARNING: UnRef NF EndPoint(addr) [127.0.0.11:7777] (../src/amf/nausf-handler.c:130)
07/08 11:27:49.971: [amf] INFO: Setup NF EndPoint(addr) [127.0.0.11:7777] (../src/amf/nausf-handler.c:130)
07/08 11:27:49.983: [amf] WARNING: UnRef NF EndPoint(addr) [127.0.0.13:7777] (../src/amf/npcf-handler.c:143)
07/08 11:27:49.983: [amf] INFO: Setup NF EndPoint(addr) [127.0.0.13:7777] (../src/amf/npcf-handler.c:143)
07/08 11:27:50.185: [gmm] INFO: [imsi-999700000000001] Registration complete (../src/amf/gmm-sm.c:3165)
07/08 11:27:50.185: [amf] INFO: [imsi-999700000000001] Configuration update command (../src/amf/nas-path.c:609)
07/08 11:27:50.185: [gmm] INFO:     UTC [2026-07-08T05:57:50] Timezone[0]/DST[0] (../src/amf/gmm-build.c:551)
07/08 11:27:50.185: [gmm] INFO:     LOCAL [2026-07-08T11:27:50] Timezone[19800]/DST[0] (../src/amf/gmm-build.c:556)
07/08 11:27:50.186: [amf] INFO: [Added] Number of AMF-Sessions is now 2 (../src/amf/context.c:2953)
07/08 11:27:50.186: [gmm] INFO: UE SUPI[imsi-999700000000001] DNN[internet] LBO[0] S_NSSAI[SST:1 SD:0x1] smContextRef[NULL] smContextResourceURI[NULL] (../src/amf/gmm-handler.c:1430)
07/08 11:27:50.186: [gmm] INFO: V-SMF Instance [2fbf6bfe-7a84-41f1-bb5c-79ef0cc12a73](LIST) (../src/amf/gmm-handler.c:1507)
07/08 11:27:50.186: [gmm] INFO: [2fbf6bfe-7a84-41f1-bb5c-79ef0cc12a73] Setup NF Instance [type:SMF] (../src/amf/gmm-handler.c:1509)
07/08 11:27:50.186: [gmm] INFO: V-SMF Instance [2fbf6bfe-7a84-41f1-bb5c-79ef0cc12a73] (../src/amf/gmm-handler.c:1519)
07/08 11:27:50.186: [gmm] INFO: V-SMF discovered in Non-Roaming or LBO-Roaming[0] (../src/amf/gmm-handler.c:1588)
07/08 11:27:50.186: [gmm] INFO: nsmf_pdusession [1:0x57d42c6c75f0:(nil)] (../src/amf/gmm-handler.c:1628)
07/08 11:27:50.188: [amf] INFO: Setup NF EndPoint(addr) [127.0.0.4:7777] (../src/amf/nsmf-handler.c:140)
07/08 11:27:50.195: [amf] INFO: [imsi-999700000000001:1:11][0:0:NULL] /nsmf-pdusession/v1/sm-contexts/{smContextRef}/modify (../src/amf/nsmf-handler.c:983)
07/08 11:28:00.205: [amf] INFO: InitialUEMessage (../src/amf/ngap-handler.c:668)
07/08 11:28:00.205: [amf] INFO: [Added] Number of gNB-UEs is now 2 (../src/amf/context.c:2932)
07/08 11:28:00.205: [amf] INFO:     RAN_UE_NGAP_ID[2] AMF_UE_NGAP_ID[40] TAC[1] CellID[0x10] (../src/amf/ngap-handler.c:878)
07/08 11:28:00.205: [amf] INFO: [suci-0-999-70-0000-0-0-0000000002] known UE by SUCI (../src/amf/context.c:1932)
07/08 11:28:00.205: [gmm] INFO: Registration request (../src/amf/gmm-sm.c:1678)
07/08 11:28:00.205: [gmm] INFO: [suci-0-999-70-0000-0-0-0000000002]    SUCI (../src/amf/gmm-handler.c:186)
07/08 11:28:00.208: [amf] INFO: [imsi-999700000000002:1] Release SM context [204] (../src/amf/amf-sm.c:615)
07/08 11:28:00.208: [amf] INFO: [imsi-999700000000002:1] Release SM Context [state:31] (../src/amf/nsmf-handler.c:1200)
07/08 11:28:00.208: [amf] INFO: [Removed] Number of AMF-Sessions is now 1 (../src/amf/context.c:2960)
07/08 11:28:00.211: [amf] WARNING: UnRef NF EndPoint(addr) [127.0.0.11:7777] (../src/amf/nausf-handler.c:130)
07/08 11:28:00.211: [amf] INFO: Setup NF EndPoint(addr) [127.0.0.11:7777] (../src/amf/nausf-handler.c:130)
07/08 11:28:00.221: [amf] WARNING: UnRef NF EndPoint(addr) [127.0.0.13:7777] (../src/amf/npcf-handler.c:143)
07/08 11:28:00.221: [amf] INFO: Setup NF EndPoint(addr) [127.0.0.13:7777] (../src/amf/npcf-handler.c:143)
07/08 11:28:00.421: [gmm] INFO: [imsi-999700000000002] Registration complete (../src/amf/gmm-sm.c:3165)
07/08 11:28:00.422: [amf] INFO: [imsi-999700000000002] Configuration update command (../src/amf/nas-path.c:609)
07/08 11:28:00.422: [gmm] INFO:     UTC [2026-07-08T05:58:00] Timezone[0]/DST[0] (../src/amf/gmm-build.c:551)
07/08 11:28:00.422: [gmm] INFO:     LOCAL [2026-07-08T11:28:00] Timezone[19800]/DST[0] (../src/amf/gmm-build.c:556)
07/08 11:28:00.422: [amf] INFO: [Added] Number of AMF-Sessions is now 2 (../src/amf/context.c:2953)
07/08 11:28:00.422: [gmm] INFO: UE SUPI[imsi-999700000000002] DNN[internet] LBO[0] S_NSSAI[SST:1 SD:0x1] smContextRef[NULL] smContextResourceURI[NULL] (../src/amf/gmm-handler.c:1430)
07/08 11:28:00.422: [gmm] INFO: V-SMF Instance [2fbf6bfe-7a84-41f1-bb5c-79ef0cc12a73](LIST) (../src/amf/gmm-handler.c:1507)
07/08 11:28:00.422: [gmm] INFO: [2fbf6bfe-7a84-41f1-bb5c-79ef0cc12a73] Setup NF Instance [type:SMF] (../src/amf/gmm-handler.c:1509)
07/08 11:28:00.422: [gmm] INFO: V-SMF Instance [2fbf6bfe-7a84-41f1-bb5c-79ef0cc12a73] (../src/amf/gmm-handler.c:1519)
07/08 11:28:00.422: [gmm] INFO: V-SMF discovered in Non-Roaming or LBO-Roaming[0] (../src/amf/gmm-handler.c:1588)
07/08 11:28:00.422: [gmm] INFO: nsmf_pdusession [1:0x57d42c6c75f0:(nil)] (../src/amf/gmm-handler.c:1628)
07/08 11:28:00.424: [amf] INFO: Setup NF EndPoint(addr) [127.0.0.4:7777] (../src/amf/nsmf-handler.c:140)
07/08 11:28:00.430: [amf] INFO: [imsi-999700000000002:1:11][0:0:NULL] /nsmf-pdusession/v1/sm-contexts/{smContextRef}/modify (../src/amf/nsmf-handler.c:983)
07/08 11:28:00.632: [amf] INFO: [imsi-999700000000001:1:13][0:0:NULL] /nsmf-pdusession/v1/sm-contexts/{smContextRef}/modify (../src/amf/nsmf-handler.c:983)
07/08 11:28:00.633: [amf] INFO: UE Context Release [Action:2] (../src/amf/ngap-handler.c:1961)
07/08 11:28:00.633: [amf] INFO:     RAN_UE_NGAP_ID[1] AMF_UE_NGAP_ID[39] (../src/amf/ngap-handler.c:1962)
07/08 11:28:00.633: [amf] INFO:     SUCI[suci-0-999-70-0000-0-0-0000000001] (../src/amf/ngap-handler.c:1966)
07/08 11:28:00.633: [amf] INFO: [Removed] Number of gNB-UEs is now 1 (../src/amf/context.c:2939)
07/08 11:28:11.006: [amf] INFO: [imsi-999700000000002:1:13][0:0:NULL] /nsmf-pdusession/v1/sm-contexts/{smContextRef}/modify (../src/amf/nsmf-handler.c:983)
07/08 11:28:11.007: [amf] INFO: UE Context Release [Action:2] (../src/amf/ngap-handler.c:1961)
07/08 11:28:11.007: [amf] INFO:     RAN_UE_NGAP_ID[2] AMF_UE_NGAP_ID[40] (../src/amf/ngap-handler.c:1962)
07/08 11:28:11.007: [amf] INFO:     SUCI[suci-0-999-70-0000-0-0-0000000002] (../src/amf/ngap-handler.c:1966)
07/08 11:28:11.007: [amf] INFO: [Removed] Number of gNB-UEs is now 0 (../src/amf/context.c:2939)
07/08 11:28:11.217: [amf] INFO: InitialUEMessage (../src/amf/ngap-handler.c:668)
07/08 11:28:11.217: [amf] INFO: [Added] Number of gNB-UEs is now 1 (../src/amf/context.c:2932)
07/08 11:28:11.217: [amf] INFO:     RAN_UE_NGAP_ID[3] AMF_UE_NGAP_ID[41] TAC[1] CellID[0x10] (../src/amf/ngap-handler.c:878)
07/08 11:28:11.217: [amf] INFO: [suci-0-999-70-0000-0-0-0000000003] Unknown UE by SUCI (../src/amf/context.c:1934)
07/08 11:28:11.217: [amf] INFO: [Added] Number of AMF-UEs is now 3 (../src/amf/context.c:1699)
07/08 11:28:11.217: [gmm] INFO: Registration request (../src/amf/gmm-sm.c:1678)
07/08 11:28:11.217: [gmm] INFO: [suci-0-999-70-0000-0-0-0000000003]    SUCI (../src/amf/gmm-handler.c:186)
07/08 11:28:11.217: [sbi] INFO: [2fb93cde-7a84-41f1-b3d1-b347cb1f74e2] Setup NF Instance [type:AUSF] (../lib/sbi/path.c:349)
07/08 11:28:11.219: [amf] INFO: Setup NF EndPoint(addr) [127.0.0.11:7777] (../src/amf/nausf-handler.c:130)
07/08 11:28:11.224: [sbi] INFO: [2fb911c8-7a84-41f1-9aed-07e874c2bb54] Setup NF Instance [type:UDM] (../lib/sbi/path.c:349)
07/08 11:28:11.225: [sbi] INFO: [2fb911c8-7a84-41f1-9aed-07e874c2bb54] Setup NF Instance [type:UDM] (../lib/sbi/path.c:349)
07/08 11:28:11.228: [amf] INFO: Setup NF EndPoint(addr) [127.0.0.12:7777] (../src/amf/nudm-handler.c:422)
07/08 11:28:11.228: [sbi] INFO: [3137e4ac-7a84-41f1-b1f2-4baee56923f5] Setup NF Instance [type:PCF] (../lib/sbi/path.c:349)
07/08 11:28:11.230: [amf] INFO: Setup NF EndPoint(addr) [127.0.0.13:7777] (../src/amf/npcf-handler.c:143)
07/08 11:28:11.434: [gmm] INFO: [imsi-999700000000003] Registration complete (../src/amf/gmm-sm.c:3165)
07/08 11:28:11.434: [amf] INFO: [imsi-999700000000003] Configuration update command (../src/amf/nas-path.c:609)
07/08 11:28:11.434: [gmm] INFO:     UTC [2026-07-08T05:58:11] Timezone[0]/DST[0] (../src/amf/gmm-build.c:551)
07/08 11:28:11.434: [gmm] INFO:     LOCAL [2026-07-08T11:28:11] Timezone[19800]/DST[0] (../src/amf/gmm-build.c:556)
07/08 11:28:11.434: [amf] INFO: [Added] Number of AMF-Sessions is now 3 (../src/amf/context.c:2953)
07/08 11:28:11.434: [gmm] INFO: UE SUPI[imsi-999700000000003] DNN[internet] LBO[0] S_NSSAI[SST:1 SD:0x1] smContextRef[NULL] smContextResourceURI[NULL] (../src/amf/gmm-handler.c:1430)
07/08 11:28:11.434: [gmm] INFO: V-SMF Instance [2fbf6bfe-7a84-41f1-bb5c-79ef0cc12a73](LIST) (../src/amf/gmm-handler.c:1507)
07/08 11:28:11.434: [gmm] INFO: [2fbf6bfe-7a84-41f1-bb5c-79ef0cc12a73] Setup NF Instance [type:SMF] (../src/amf/gmm-handler.c:1509)
07/08 11:28:11.434: [gmm] INFO: V-SMF Instance [2fbf6bfe-7a84-41f1-bb5c-79ef0cc12a73] (../src/amf/gmm-handler.c:1519)
07/08 11:28:11.434: [gmm] INFO: V-SMF discovered in Non-Roaming or LBO-Roaming[0] (../src/amf/gmm-handler.c:1588)
07/08 11:28:11.434: [gmm] INFO: nsmf_pdusession [1:0x57d42c6c75f0:(nil)] (../src/amf/gmm-handler.c:1628)
07/08 11:28:11.437: [amf] INFO: Setup NF EndPoint(addr) [127.0.0.4:7777] (../src/amf/nsmf-handler.c:140)
07/08 11:28:11.442: [amf] INFO: [imsi-999700000000003:1:11][0:0:NULL] /nsmf-pdusession/v1/sm-contexts/{smContextRef}/modify (../src/amf/nsmf-handler.c:983)
07/08 11:28:21.418: [amf] INFO: [imsi-999700000000003:1:13][0:0:NULL] /nsmf-pdusession/v1/sm-contexts/{smContextRef}/modify (../src/amf/nsmf-handler.c:983)
07/08 11:28:21.418: [amf] INFO: UE Context Release [Action:2] (../src/amf/ngap-handler.c:1961)
07/08 11:28:21.418: [amf] INFO:     RAN_UE_NGAP_ID[3] AMF_UE_NGAP_ID[41] (../src/amf/ngap-handler.c:1962)
07/08 11:28:21.418: [amf] INFO:     SUCI[suci-0-999-70-0000-0-0-0000000003] (../src/amf/ngap-handler.c:1966)
07/08 11:28:21.418: [amf] INFO: [Removed] Number of gNB-UEs is now 0 (../src/amf/context.c:2939)
07/08 11:28:22.234: [amf] INFO: InitialUEMessage (../src/amf/ngap-handler.c:668)
07/08 11:28:22.234: [amf] INFO: [Added] Number of gNB-UEs is now 1 (../src/amf/context.c:2932)
07/08 11:28:22.234: [amf] INFO:     RAN_UE_NGAP_ID[4] AMF_UE_NGAP_ID[42] TAC[1] CellID[0x10] (../src/amf/ngap-handler.c:878)
07/08 11:28:22.234: [amf] INFO: [suci-0-999-70-0000-0-0-0000000004] Unknown UE by SUCI (../src/amf/context.c:1934)
07/08 11:28:22.234: [amf] INFO: [Added] Number of AMF-UEs is now 4 (../src/amf/context.c:1699)
07/08 11:28:22.234: [gmm] INFO: Registration request (../src/amf/gmm-sm.c:1678)
07/08 11:28:22.234: [gmm] INFO: [suci-0-999-70-0000-0-0-0000000004]    SUCI (../src/amf/gmm-handler.c:186)
07/08 11:28:22.234: [sbi] INFO: [2fb93cde-7a84-41f1-b3d1-b347cb1f74e2] Setup NF Instance [type:AUSF] (../lib/sbi/path.c:349)
07/08 11:28:22.237: [amf] INFO: Setup NF EndPoint(addr) [127.0.0.11:7777] (../src/amf/nausf-handler.c:130)
07/08 11:28:22.240: [sbi] INFO: [2fb911c8-7a84-41f1-9aed-07e874c2bb54] Setup NF Instance [type:UDM] (../lib/sbi/path.c:349)
07/08 11:28:22.241: [sbi] INFO: [2fb911c8-7a84-41f1-9aed-07e874c2bb54] Setup NF Instance [type:UDM] (../lib/sbi/path.c:349)
07/08 11:28:22.245: [amf] INFO: Setup NF EndPoint(addr) [127.0.0.12:7777] (../src/amf/nudm-handler.c:422)
07/08 11:28:22.245: [sbi] INFO: [3137e4ac-7a84-41f1-b1f2-4baee56923f5] Setup NF Instance [type:PCF] (../lib/sbi/path.c:349)
07/08 11:28:22.246: [amf] INFO: Setup NF EndPoint(addr) [127.0.0.13:7777] (../src/amf/npcf-handler.c:143)
07/08 11:28:22.450: [gmm] INFO: [imsi-999700000000004] Registration complete (../src/amf/gmm-sm.c:3165)
07/08 11:28:22.450: [amf] INFO: [imsi-999700000000004] Configuration update command (../src/amf/nas-path.c:609)
07/08 11:28:22.450: [gmm] INFO:     UTC [2026-07-08T05:58:22] Timezone[0]/DST[0] (../src/amf/gmm-build.c:551)
07/08 11:28:22.450: [gmm] INFO:     LOCAL [2026-07-08T11:28:22] Timezone[19800]/DST[0] (../src/amf/gmm-build.c:556)
07/08 11:28:22.450: [amf] INFO: [Added] Number of AMF-Sessions is now 4 (../src/amf/context.c:2953)
07/08 11:28:22.450: [gmm] INFO: UE SUPI[imsi-999700000000004] DNN[internet] LBO[0] S_NSSAI[SST:1 SD:0x1] smContextRef[NULL] smContextResourceURI[NULL] (../src/amf/gmm-handler.c:1430)
07/08 11:28:22.450: [gmm] INFO: V-SMF Instance [2fbf6bfe-7a84-41f1-bb5c-79ef0cc12a73](LIST) (../src/amf/gmm-handler.c:1507)
07/08 11:28:22.450: [gmm] INFO: [2fbf6bfe-7a84-41f1-bb5c-79ef0cc12a73] Setup NF Instance [type:SMF] (../src/amf/gmm-handler.c:1509)
07/08 11:28:22.450: [gmm] INFO: V-SMF Instance [2fbf6bfe-7a84-41f1-bb5c-79ef0cc12a73] (../src/amf/gmm-handler.c:1519)
07/08 11:28:22.450: [gmm] INFO: V-SMF discovered in Non-Roaming or LBO-Roaming[0] (../src/amf/gmm-handler.c:1588)
07/08 11:28:22.450: [gmm] INFO: nsmf_pdusession [1:0x57d42c6c75f0:(nil)] (../src/amf/gmm-handler.c:1628)
07/08 11:28:22.453: [amf] INFO: Setup NF EndPoint(addr) [127.0.0.4:7777] (../src/amf/nsmf-handler.c:140)
07/08 11:28:22.458: [amf] INFO: [imsi-999700000000004:1:11][0:0:NULL] /nsmf-pdusession/v1/sm-contexts/{smContextRef}/modify (../src/amf/nsmf-handler.c:983)
07/08 11:28:32.509: [amf] INFO: InitialUEMessage (../src/amf/ngap-handler.c:668)
07/08 11:28:32.509: [amf] INFO: [Added] Number of gNB-UEs is now 2 (../src/amf/context.c:2932)
07/08 11:28:32.509: [amf] INFO:     RAN_UE_NGAP_ID[5] AMF_UE_NGAP_ID[43] TAC[1] CellID[0x10] (../src/amf/ngap-handler.c:878)
07/08 11:28:32.509: [amf] INFO: [suci-0-999-70-0000-0-0-0000000005] Unknown UE by SUCI (../src/amf/context.c:1934)
07/08 11:28:32.509: [amf] INFO: [Added] Number of AMF-UEs is now 5 (../src/amf/context.c:1699)
07/08 11:28:32.509: [gmm] INFO: Registration request (../src/amf/gmm-sm.c:1678)
07/08 11:28:32.509: [gmm] INFO: [suci-0-999-70-0000-0-0-0000000005]    SUCI (../src/amf/gmm-handler.c:186)
07/08 11:28:32.509: [sbi] INFO: [2fb93cde-7a84-41f1-b3d1-b347cb1f74e2] Setup NF Instance [type:AUSF] (../lib/sbi/path.c:349)
07/08 11:28:32.511: [amf] INFO: Setup NF EndPoint(addr) [127.0.0.11:7777] (../src/amf/nausf-handler.c:130)
07/08 11:28:32.516: [sbi] INFO: [2fb911c8-7a84-41f1-9aed-07e874c2bb54] Setup NF Instance [type:UDM] (../lib/sbi/path.c:349)
07/08 11:28:32.517: [sbi] INFO: [2fb911c8-7a84-41f1-9aed-07e874c2bb54] Setup NF Instance [type:UDM] (../lib/sbi/path.c:349)
07/08 11:28:32.519: [amf] INFO: Setup NF EndPoint(addr) [127.0.0.12:7777] (../src/amf/nudm-handler.c:422)
07/08 11:28:32.519: [sbi] INFO: [3137e4ac-7a84-41f1-b1f2-4baee56923f5] Setup NF Instance [type:PCF] (../lib/sbi/path.c:349)
07/08 11:28:32.520: [amf] INFO: Setup NF EndPoint(addr) [127.0.0.13:7777] (../src/amf/npcf-handler.c:143)
07/08 11:28:32.724: [gmm] INFO: [imsi-999700000000005] Registration complete (../src/amf/gmm-sm.c:3165)
07/08 11:28:32.724: [amf] INFO: [imsi-999700000000005] Configuration update command (../src/amf/nas-path.c:609)
07/08 11:28:32.724: [gmm] INFO:     UTC [2026-07-08T05:58:32] Timezone[0]/DST[0] (../src/amf/gmm-build.c:551)
07/08 11:28:32.724: [gmm] INFO:     LOCAL [2026-07-08T11:28:32] Timezone[19800]/DST[0] (../src/amf/gmm-build.c:556)
07/08 11:28:32.725: [amf] INFO: [Added] Number of AMF-Sessions is now 5 (../src/amf/context.c:2953)
07/08 11:28:32.725: [gmm] INFO: UE SUPI[imsi-999700000000005] DNN[internet] LBO[0] S_NSSAI[SST:1 SD:0x1] smContextRef[NULL] smContextResourceURI[NULL] (../src/amf/gmm-handler.c:1430)
07/08 11:28:32.725: [gmm] INFO: V-SMF Instance [2fbf6bfe-7a84-41f1-bb5c-79ef0cc12a73](LIST) (../src/amf/gmm-handler.c:1507)
07/08 11:28:32.725: [gmm] INFO: [2fbf6bfe-7a84-41f1-bb5c-79ef0cc12a73] Setup NF Instance [type:SMF] (../src/amf/gmm-handler.c:1509)
07/08 11:28:32.725: [gmm] INFO: V-SMF Instance [2fbf6bfe-7a84-41f1-bb5c-79ef0cc12a73] (../src/amf/gmm-handler.c:1519)
07/08 11:28:32.725: [gmm] INFO: V-SMF discovered in Non-Roaming or LBO-Roaming[0] (../src/amf/gmm-handler.c:1588)
07/08 11:28:32.725: [gmm] INFO: nsmf_pdusession [1:0x57d42c6c75f0:(nil)] (../src/amf/gmm-handler.c:1628)
07/08 11:28:32.728: [amf] INFO: Setup NF EndPoint(addr) [127.0.0.4:7777] (../src/amf/nsmf-handler.c:140)
07/08 11:28:32.734: [amf] INFO: [imsi-999700000000005:1:11][0:0:NULL] /nsmf-pdusession/v1/sm-contexts/{smContextRef}/modify (../src/amf/nsmf-handler.c:983)
07/08 11:28:32.937: [amf] INFO: [imsi-999700000000004:1:13][0:0:NULL] /nsmf-pdusession/v1/sm-contexts/{smContextRef}/modify (../src/amf/nsmf-handler.c:983)
07/08 11:28:32.937: [amf] INFO: UE Context Release [Action:2] (../src/amf/ngap-handler.c:1961)
07/08 11:28:32.937: [amf] INFO:     RAN_UE_NGAP_ID[4] AMF_UE_NGAP_ID[42] (../src/amf/ngap-handler.c:1962)
07/08 11:28:32.937: [amf] INFO:     SUCI[suci-0-999-70-0000-0-0-0000000004] (../src/amf/ngap-handler.c:1966)
07/08 11:28:32.937: [amf] INFO: [Removed] Number of gNB-UEs is now 1 (../src/amf/context.c:2939)
07/08 11:28:43.059: [amf] INFO: [imsi-999700000000005:1:13][0:0:NULL] /nsmf-pdusession/v1/sm-contexts/{smContextRef}/modify (../src/amf/nsmf-handler.c:983)
07/08 11:28:43.060: [amf] INFO: UE Context Release [Action:2] (../src/amf/ngap-handler.c:1961)
07/08 11:28:43.060: [amf] INFO:     RAN_UE_NGAP_ID[5] AMF_UE_NGAP_ID[43] (../src/amf/ngap-handler.c:1962)
07/08 11:28:43.060: [amf] INFO:     SUCI[suci-0-999-70-0000-0-0-0000000005] (../src/amf/ngap-handler.c:1966)
07/08 11:28:43.060: [amf] INFO: [Removed] Number of gNB-UEs is now 0 (../src/amf/context.c:2939)
07/08 11:28:43.516: [amf] INFO: InitialUEMessage (../src/amf/ngap-handler.c:668)
07/08 11:28:43.516: [amf] INFO: [Added] Number of gNB-UEs is now 1 (../src/amf/context.c:2932)
07/08 11:28:43.516: [amf] INFO:     RAN_UE_NGAP_ID[6] AMF_UE_NGAP_ID[44] TAC[1] CellID[0x10] (../src/amf/ngap-handler.c:878)
07/08 11:28:43.516: [amf] INFO: [suci-0-999-70-0000-0-0-0000000006] Unknown UE by SUCI (../src/amf/context.c:1934)
07/08 11:28:43.516: [amf] INFO: [Added] Number of AMF-UEs is now 6 (../src/amf/context.c:1699)
07/08 11:28:43.516: [gmm] INFO: Registration request (../src/amf/gmm-sm.c:1678)
07/08 11:28:43.516: [gmm] INFO: [suci-0-999-70-0000-0-0-0000000006]    SUCI (../src/amf/gmm-handler.c:186)
07/08 11:28:43.516: [sbi] INFO: [2fb93cde-7a84-41f1-b3d1-b347cb1f74e2] Setup NF Instance [type:AUSF] (../lib/sbi/path.c:349)
07/08 11:28:43.519: [amf] INFO: Setup NF EndPoint(addr) [127.0.0.11:7777] (../src/amf/nausf-handler.c:130)
07/08 11:28:43.524: [sbi] INFO: [2fb911c8-7a84-41f1-9aed-07e874c2bb54] Setup NF Instance [type:UDM] (../lib/sbi/path.c:349)
07/08 11:28:43.525: [sbi] INFO: [2fb911c8-7a84-41f1-9aed-07e874c2bb54] Setup NF Instance [type:UDM] (../lib/sbi/path.c:349)
07/08 11:28:43.528: [amf] INFO: Setup NF EndPoint(addr) [127.0.0.12:7777] (../src/amf/nudm-handler.c:422)
07/08 11:28:43.528: [sbi] INFO: [3137e4ac-7a84-41f1-b1f2-4baee56923f5] Setup NF Instance [type:PCF] (../lib/sbi/path.c:349)
07/08 11:28:43.530: [amf] INFO: Setup NF EndPoint(addr) [127.0.0.13:7777] (../src/amf/npcf-handler.c:143)
07/08 11:28:43.732: [gmm] INFO: [imsi-999700000000006] Registration complete (../src/amf/gmm-sm.c:3165)
07/08 11:28:43.732: [amf] INFO: [imsi-999700000000006] Configuration update command (../src/amf/nas-path.c:609)
07/08 11:28:43.732: [gmm] INFO:     UTC [2026-07-08T05:58:43] Timezone[0]/DST[0] (../src/amf/gmm-build.c:551)
07/08 11:28:43.732: [gmm] INFO:     LOCAL [2026-07-08T11:28:43] Timezone[19800]/DST[0] (../src/amf/gmm-build.c:556)
07/08 11:28:43.733: [amf] INFO: [Added] Number of AMF-Sessions is now 6 (../src/amf/context.c:2953)
07/08 11:28:43.733: [gmm] INFO: UE SUPI[imsi-999700000000006] DNN[internet] LBO[0] S_NSSAI[SST:1 SD:0x1] smContextRef[NULL] smContextResourceURI[NULL] (../src/amf/gmm-handler.c:1430)
07/08 11:28:43.733: [gmm] INFO: V-SMF Instance [2fbf6bfe-7a84-41f1-bb5c-79ef0cc12a73](LIST) (../src/amf/gmm-handler.c:1507)
07/08 11:28:43.733: [gmm] INFO: [2fbf6bfe-7a84-41f1-bb5c-79ef0cc12a73] Setup NF Instance [type:SMF] (../src/amf/gmm-handler.c:1509)
07/08 11:28:43.733: [gmm] INFO: V-SMF Instance [2fbf6bfe-7a84-41f1-bb5c-79ef0cc12a73] (../src/amf/gmm-handler.c:1519)
07/08 11:28:43.733: [gmm] INFO: V-SMF discovered in Non-Roaming or LBO-Roaming[0] (../src/amf/gmm-handler.c:1588)
07/08 11:28:43.733: [gmm] INFO: nsmf_pdusession [1:0x57d42c6c75f0:(nil)] (../src/amf/gmm-handler.c:1628)
07/08 11:28:43.736: [amf] INFO: Setup NF EndPoint(addr) [127.0.0.4:7777] (../src/amf/nsmf-handler.c:140)
07/08 11:28:43.742: [amf] INFO: [imsi-999700000000006:1:11][0:0:NULL] /nsmf-pdusession/v1/sm-contexts/{smContextRef}/modify (../src/amf/nsmf-handler.c:983)
07/08 11:28:54.459: [amf] INFO: [imsi-999700000000006:1:13][0:0:NULL] /nsmf-pdusession/v1/sm-contexts/{smContextRef}/modify (../src/amf/nsmf-handler.c:983)
07/08 11:28:54.459: [amf] INFO: UE Context Release [Action:2] (../src/amf/ngap-handler.c:1961)
07/08 11:28:54.459: [amf] INFO:     RAN_UE_NGAP_ID[6] AMF_UE_NGAP_ID[44] (../src/amf/ngap-handler.c:1962)
07/08 11:28:54.459: [amf] INFO:     SUCI[suci-0-999-70-0000-0-0-0000000006] (../src/amf/ngap-handler.c:1966)
07/08 11:28:54.459: [amf] INFO: [Removed] Number of gNB-UEs is now 0 (../src/amf/context.c:2939)
07/08 11:28:54.660: [amf] INFO: InitialUEMessage (../src/amf/ngap-handler.c:668)
07/08 11:28:54.660: [amf] INFO: [Added] Number of gNB-UEs is now 1 (../src/amf/context.c:2932)
07/08 11:28:54.660: [amf] INFO:     RAN_UE_NGAP_ID[7] AMF_UE_NGAP_ID[45] TAC[1] CellID[0x10] (../src/amf/ngap-handler.c:878)
07/08 11:28:54.660: [amf] INFO: [suci-0-999-70-0000-0-0-0000000007] Unknown UE by SUCI (../src/amf/context.c:1934)
07/08 11:28:54.660: [amf] INFO: [Added] Number of AMF-UEs is now 7 (../src/amf/context.c:1699)
07/08 11:28:54.660: [gmm] INFO: Registration request (../src/amf/gmm-sm.c:1678)
07/08 11:28:54.660: [gmm] INFO: [suci-0-999-70-0000-0-0-0000000007]    SUCI (../src/amf/gmm-handler.c:186)
07/08 11:28:54.660: [sbi] INFO: [2fb93cde-7a84-41f1-b3d1-b347cb1f74e2] Setup NF Instance [type:AUSF] (../lib/sbi/path.c:349)
07/08 11:28:54.663: [amf] INFO: Setup NF EndPoint(addr) [127.0.0.11:7777] (../src/amf/nausf-handler.c:130)
07/08 11:28:54.667: [sbi] INFO: [2fb911c8-7a84-41f1-9aed-07e874c2bb54] Setup NF Instance [type:UDM] (../lib/sbi/path.c:349)
07/08 11:28:54.669: [sbi] INFO: [2fb911c8-7a84-41f1-9aed-07e874c2bb54] Setup NF Instance [type:UDM] (../lib/sbi/path.c:349)
07/08 11:28:54.672: [amf] INFO: Setup NF EndPoint(addr) [127.0.0.12:7777] (../src/amf/nudm-handler.c:422)
07/08 11:28:54.672: [sbi] INFO: [3137e4ac-7a84-41f1-b1f2-4baee56923f5] Setup NF Instance [type:PCF] (../lib/sbi/path.c:349)
07/08 11:28:54.675: [amf] INFO: Setup NF EndPoint(addr) [127.0.0.13:7777] (../src/amf/npcf-handler.c:143)
07/08 11:28:54.880: [gmm] INFO: [imsi-999700000000007] Registration complete (../src/amf/gmm-sm.c:3165)
07/08 11:28:54.880: [amf] INFO: [imsi-999700000000007] Configuration update command (../src/amf/nas-path.c:609)
07/08 11:28:54.880: [gmm] INFO:     UTC [2026-07-08T05:58:54] Timezone[0]/DST[0] (../src/amf/gmm-build.c:551)
07/08 11:28:54.880: [gmm] INFO:     LOCAL [2026-07-08T11:28:54] Timezone[19800]/DST[0] (../src/amf/gmm-build.c:556)
07/08 11:28:54.880: [amf] INFO: [Added] Number of AMF-Sessions is now 7 (../src/amf/context.c:2953)
07/08 11:28:54.880: [gmm] INFO: UE SUPI[imsi-999700000000007] DNN[internet] LBO[0] S_NSSAI[SST:1 SD:0x1] smContextRef[NULL] smContextResourceURI[NULL] (../src/amf/gmm-handler.c:1430)
07/08 11:28:54.880: [gmm] INFO: V-SMF Instance [2fbf6bfe-7a84-41f1-bb5c-79ef0cc12a73](LIST) (../src/amf/gmm-handler.c:1507)
07/08 11:28:54.880: [gmm] INFO: [2fbf6bfe-7a84-41f1-bb5c-79ef0cc12a73] Setup NF Instance [type:SMF] (../src/amf/gmm-handler.c:1509)
07/08 11:28:54.880: [gmm] INFO: V-SMF Instance [2fbf6bfe-7a84-41f1-bb5c-79ef0cc12a73] (../src/amf/gmm-handler.c:1519)
07/08 11:28:54.880: [gmm] INFO: V-SMF discovered in Non-Roaming or LBO-Roaming[0] (../src/amf/gmm-handler.c:1588)
07/08 11:28:54.880: [gmm] INFO: nsmf_pdusession [1:0x57d42c6c75f0:(nil)] (../src/amf/gmm-handler.c:1628)
07/08 11:28:54.883: [amf] INFO: Setup NF EndPoint(addr) [127.0.0.4:7777] (../src/amf/nsmf-handler.c:140)
07/08 11:28:54.889: [amf] INFO: [imsi-999700000000007:1:11][0:0:NULL] /nsmf-pdusession/v1/sm-contexts/{smContextRef}/modify (../src/amf/nsmf-handler.c:983)
07/08 11:29:03.883: [amf] INFO: [imsi-999700000000007:1:13][0:0:NULL] /nsmf-pdusession/v1/sm-contexts/{smContextRef}/modify (../src/amf/nsmf-handler.c:983)
07/08 11:29:03.883: [amf] INFO: UE Context Release [Action:2] (../src/amf/ngap-handler.c:1961)
07/08 11:29:03.883: [amf] INFO:     RAN_UE_NGAP_ID[7] AMF_UE_NGAP_ID[45] (../src/amf/ngap-handler.c:1962)
07/08 11:29:03.883: [amf] INFO:     SUCI[suci-0-999-70-0000-0-0-0000000007] (../src/amf/ngap-handler.c:1966)
07/08 11:29:03.883: [amf] INFO: [Removed] Number of gNB-UEs is now 0 (../src/amf/context.c:2939)
07/08 11:29:04.799: [amf] INFO: InitialUEMessage (../src/amf/ngap-handler.c:668)
07/08 11:29:04.799: [amf] INFO: [Added] Number of gNB-UEs is now 1 (../src/amf/context.c:2932)
07/08 11:29:04.799: [amf] INFO:     RAN_UE_NGAP_ID[8] AMF_UE_NGAP_ID[46] TAC[1] CellID[0x10] (../src/amf/ngap-handler.c:878)
07/08 11:29:04.799: [amf] INFO: [suci-0-999-70-0000-0-0-0000000008] Unknown UE by SUCI (../src/amf/context.c:1934)
07/08 11:29:04.799: [amf] INFO: [Added] Number of AMF-UEs is now 8 (../src/amf/context.c:1699)
07/08 11:29:04.799: [gmm] INFO: Registration request (../src/amf/gmm-sm.c:1678)
07/08 11:29:04.799: [gmm] INFO: [suci-0-999-70-0000-0-0-0000000008]    SUCI (../src/amf/gmm-handler.c:186)
07/08 11:29:04.799: [sbi] INFO: [2fb93cde-7a84-41f1-b3d1-b347cb1f74e2] Setup NF Instance [type:AUSF] (../lib/sbi/path.c:349)
07/08 11:29:04.802: [amf] INFO: Setup NF EndPoint(addr) [127.0.0.11:7777] (../src/amf/nausf-handler.c:130)
07/08 11:29:04.808: [sbi] INFO: [2fb911c8-7a84-41f1-9aed-07e874c2bb54] Setup NF Instance [type:UDM] (../lib/sbi/path.c:349)
07/08 11:29:04.808: [sbi] INFO: [2fb911c8-7a84-41f1-9aed-07e874c2bb54] Setup NF Instance [type:UDM] (../lib/sbi/path.c:349)
07/08 11:29:04.811: [amf] INFO: Setup NF EndPoint(addr) [127.0.0.12:7777] (../src/amf/nudm-handler.c:422)
07/08 11:29:04.811: [sbi] INFO: [3137e4ac-7a84-41f1-b1f2-4baee56923f5] Setup NF Instance [type:PCF] (../lib/sbi/path.c:349)
07/08 11:29:04.812: [amf] INFO: Setup NF EndPoint(addr) [127.0.0.13:7777] (../src/amf/npcf-handler.c:143)
07/08 11:29:05.016: [gmm] INFO: [imsi-999700000000008] Registration complete (../src/amf/gmm-sm.c:3165)
07/08 11:29:05.016: [amf] INFO: [imsi-999700000000008] Configuration update command (../src/amf/nas-path.c:609)
07/08 11:29:05.016: [gmm] INFO:     UTC [2026-07-08T05:59:05] Timezone[0]/DST[0] (../src/amf/gmm-build.c:551)
07/08 11:29:05.016: [gmm] INFO:     LOCAL [2026-07-08T11:29:05] Timezone[19800]/DST[0] (../src/amf/gmm-build.c:556)
07/08 11:29:05.016: [amf] INFO: [Added] Number of AMF-Sessions is now 8 (../src/amf/context.c:2953)
07/08 11:29:05.016: [gmm] INFO: UE SUPI[imsi-999700000000008] DNN[internet] LBO[0] S_NSSAI[SST:1 SD:0x1] smContextRef[NULL] smContextResourceURI[NULL] (../src/amf/gmm-handler.c:1430)
07/08 11:29:05.016: [gmm] INFO: V-SMF Instance [2fbf6bfe-7a84-41f1-bb5c-79ef0cc12a73](LIST) (../src/amf/gmm-handler.c:1507)
07/08 11:29:05.016: [gmm] INFO: [2fbf6bfe-7a84-41f1-bb5c-79ef0cc12a73] Setup NF Instance [type:SMF] (../src/amf/gmm-handler.c:1509)
07/08 11:29:05.016: [gmm] INFO: V-SMF Instance [2fbf6bfe-7a84-41f1-bb5c-79ef0cc12a73] (../src/amf/gmm-handler.c:1519)
07/08 11:29:05.016: [gmm] INFO: V-SMF discovered in Non-Roaming or LBO-Roaming[0] (../src/amf/gmm-handler.c:1588)
07/08 11:29:05.016: [gmm] INFO: nsmf_pdusession [1:0x57d42c6c75f0:(nil)] (../src/amf/gmm-handler.c:1628)
07/08 11:29:05.019: [amf] INFO: Setup NF EndPoint(addr) [127.0.0.4:7777] (../src/amf/nsmf-handler.c:140)
07/08 11:29:05.025: [amf] INFO: [imsi-999700000000008:1:11][0:0:NULL] /nsmf-pdusession/v1/sm-contexts/{smContextRef}/modify (../src/amf/nsmf-handler.c:983)
07/08 11:29:15.488: [amf] INFO: [imsi-999700000000008:1:13][0:0:NULL] /nsmf-pdusession/v1/sm-contexts/{smContextRef}/modify (../src/amf/nsmf-handler.c:983)
07/08 11:29:15.488: [amf] INFO: UE Context Release [Action:2] (../src/amf/ngap-handler.c:1961)
07/08 11:29:15.488: [amf] INFO:     RAN_UE_NGAP_ID[8] AMF_UE_NGAP_ID[46] (../src/amf/ngap-handler.c:1962)
07/08 11:29:15.488: [amf] INFO:     SUCI[suci-0-999-70-0000-0-0-0000000008] (../src/amf/ngap-handler.c:1966)
07/08 11:29:15.488: [amf] INFO: [Removed] Number of gNB-UEs is now 0 (../src/amf/context.c:2939)
07/08 11:29:15.813: [amf] INFO: InitialUEMessage (../src/amf/ngap-handler.c:668)
07/08 11:29:15.813: [amf] INFO: [Added] Number of gNB-UEs is now 1 (../src/amf/context.c:2932)
07/08 11:29:15.814: [amf] INFO:     RAN_UE_NGAP_ID[9] AMF_UE_NGAP_ID[47] TAC[1] CellID[0x10] (../src/amf/ngap-handler.c:878)
07/08 11:29:15.814: [amf] INFO: [suci-0-999-70-0000-0-0-0000000009] Unknown UE by SUCI (../src/amf/context.c:1934)
07/08 11:29:15.814: [amf] INFO: [Added] Number of AMF-UEs is now 9 (../src/amf/context.c:1699)
07/08 11:29:15.814: [gmm] INFO: Registration request (../src/amf/gmm-sm.c:1678)
07/08 11:29:15.814: [gmm] INFO: [suci-0-999-70-0000-0-0-0000000009]    SUCI (../src/amf/gmm-handler.c:186)
07/08 11:29:15.814: [sbi] INFO: [2fb93cde-7a84-41f1-b3d1-b347cb1f74e2] Setup NF Instance [type:AUSF] (../lib/sbi/path.c:349)
07/08 11:29:15.816: [amf] INFO: Setup NF EndPoint(addr) [127.0.0.11:7777] (../src/amf/nausf-handler.c:130)
07/08 11:29:15.819: [sbi] INFO: [2fb911c8-7a84-41f1-9aed-07e874c2bb54] Setup NF Instance [type:UDM] (../lib/sbi/path.c:349)
07/08 11:29:15.820: [sbi] INFO: [2fb911c8-7a84-41f1-9aed-07e874c2bb54] Setup NF Instance [type:UDM] (../lib/sbi/path.c:349)
07/08 11:29:15.823: [amf] INFO: Setup NF EndPoint(addr) [127.0.0.12:7777] (../src/amf/nudm-handler.c:422)
07/08 11:29:15.823: [sbi] INFO: [3137e4ac-7a84-41f1-b1f2-4baee56923f5] Setup NF Instance [type:PCF] (../lib/sbi/path.c:349)
07/08 11:29:15.825: [amf] INFO: Setup NF EndPoint(addr) [127.0.0.13:7777] (../src/amf/npcf-handler.c:143)
07/08 11:29:16.026: [gmm] INFO: [imsi-999700000000009] Registration complete (../src/amf/gmm-sm.c:3165)
07/08 11:29:16.026: [amf] INFO: [imsi-999700000000009] Configuration update command (../src/amf/nas-path.c:609)
07/08 11:29:16.026: [gmm] INFO:     UTC [2026-07-08T05:59:16] Timezone[0]/DST[0] (../src/amf/gmm-build.c:551)
07/08 11:29:16.026: [gmm] INFO:     LOCAL [2026-07-08T11:29:16] Timezone[19800]/DST[0] (../src/amf/gmm-build.c:556)
07/08 11:29:16.026: [amf] INFO: [Added] Number of AMF-Sessions is now 9 (../src/amf/context.c:2953)
07/08 11:29:16.026: [gmm] INFO: UE SUPI[imsi-999700000000009] DNN[internet] LBO[0] S_NSSAI[SST:1 SD:0x1] smContextRef[NULL] smContextResourceURI[NULL] (../src/amf/gmm-handler.c:1430)
07/08 11:29:16.026: [gmm] INFO: V-SMF Instance [2fbf6bfe-7a84-41f1-bb5c-79ef0cc12a73](LIST) (../src/amf/gmm-handler.c:1507)
07/08 11:29:16.026: [gmm] INFO: [2fbf6bfe-7a84-41f1-bb5c-79ef0cc12a73] Setup NF Instance [type:SMF] (../src/amf/gmm-handler.c:1509)
07/08 11:29:16.026: [gmm] INFO: V-SMF Instance [2fbf6bfe-7a84-41f1-bb5c-79ef0cc12a73] (../src/amf/gmm-handler.c:1519)
07/08 11:29:16.026: [gmm] INFO: V-SMF discovered in Non-Roaming or LBO-Roaming[0] (../src/amf/gmm-handler.c:1588)
07/08 11:29:16.026: [gmm] INFO: nsmf_pdusession [1:0x57d42c6c75f0:(nil)] (../src/amf/gmm-handler.c:1628)
07/08 11:29:16.029: [amf] INFO: Setup NF EndPoint(addr) [127.0.0.4:7777] (../src/amf/nsmf-handler.c:140)
07/08 11:29:16.035: [amf] INFO: [imsi-999700000000009:1:11][0:0:NULL] /nsmf-pdusession/v1/sm-contexts/{smContextRef}/modify (../src/amf/nsmf-handler.c:983)
07/08 11:29:26.829: [amf] INFO: InitialUEMessage (../src/amf/ngap-handler.c:668)
07/08 11:29:26.829: [amf] INFO: [Added] Number of gNB-UEs is now 2 (../src/amf/context.c:2932)
07/08 11:29:26.829: [amf] INFO:     RAN_UE_NGAP_ID[10] AMF_UE_NGAP_ID[48] TAC[1] CellID[0x10] (../src/amf/ngap-handler.c:878)
07/08 11:29:26.829: [amf] INFO: [suci-0-999-70-0000-0-0-0000000010] Unknown UE by SUCI (../src/amf/context.c:1934)
07/08 11:29:26.829: [amf] INFO: [Added] Number of AMF-UEs is now 10 (../src/amf/context.c:1699)
07/08 11:29:26.829: [gmm] INFO: Registration request (../src/amf/gmm-sm.c:1678)
07/08 11:29:26.829: [gmm] INFO: [suci-0-999-70-0000-0-0-0000000010]    SUCI (../src/amf/gmm-handler.c:186)
07/08 11:29:26.829: [sbi] INFO: [2fb93cde-7a84-41f1-b3d1-b347cb1f74e2] Setup NF Instance [type:AUSF] (../lib/sbi/path.c:349)
07/08 11:29:26.832: [amf] INFO: Setup NF EndPoint(addr) [127.0.0.11:7777] (../src/amf/nausf-handler.c:130)
07/08 11:29:26.835: [sbi] INFO: [2fb911c8-7a84-41f1-9aed-07e874c2bb54] Setup NF Instance [type:UDM] (../lib/sbi/path.c:349)
07/08 11:29:26.836: [sbi] INFO: [2fb911c8-7a84-41f1-9aed-07e874c2bb54] Setup NF Instance [type:UDM] (../lib/sbi/path.c:349)
07/08 11:29:26.839: [amf] INFO: Setup NF EndPoint(addr) [127.0.0.12:7777] (../src/amf/nudm-handler.c:422)
07/08 11:29:26.839: [sbi] INFO: [3137e4ac-7a84-41f1-b1f2-4baee56923f5] Setup NF Instance [type:PCF] (../lib/sbi/path.c:349)
07/08 11:29:26.840: [amf] INFO: Setup NF EndPoint(addr) [127.0.0.13:7777] (../src/amf/npcf-handler.c:143)
07/08 11:29:27.046: [gmm] INFO: [imsi-999700000000010] Registration complete (../src/amf/gmm-sm.c:3165)
07/08 11:29:27.046: [amf] INFO: [imsi-999700000000010] Configuration update command (../src/amf/nas-path.c:609)
07/08 11:29:27.046: [gmm] INFO:     UTC [2026-07-08T05:59:27] Timezone[0]/DST[0] (../src/amf/gmm-build.c:551)
07/08 11:29:27.046: [gmm] INFO:     LOCAL [2026-07-08T11:29:27] Timezone[19800]/DST[0] (../src/amf/gmm-build.c:556)
07/08 11:29:27.046: [amf] INFO: [Added] Number of AMF-Sessions is now 10 (../src/amf/context.c:2953)
07/08 11:29:27.046: [gmm] INFO: UE SUPI[imsi-999700000000010] DNN[internet] LBO[0] S_NSSAI[SST:1 SD:0x1] smContextRef[NULL] smContextResourceURI[NULL] (../src/amf/gmm-handler.c:1430)
07/08 11:29:27.046: [gmm] INFO: V-SMF Instance [2fbf6bfe-7a84-41f1-bb5c-79ef0cc12a73](LIST) (../src/amf/gmm-handler.c:1507)
07/08 11:29:27.046: [gmm] INFO: [2fbf6bfe-7a84-41f1-bb5c-79ef0cc12a73] Setup NF Instance [type:SMF] (../src/amf/gmm-handler.c:1509)
07/08 11:29:27.046: [gmm] INFO: V-SMF Instance [2fbf6bfe-7a84-41f1-bb5c-79ef0cc12a73] (../src/amf/gmm-handler.c:1519)
07/08 11:29:27.046: [gmm] INFO: V-SMF discovered in Non-Roaming or LBO-Roaming[0] (../src/amf/gmm-handler.c:1588)
07/08 11:29:27.046: [gmm] INFO: nsmf_pdusession [1:0x57d42c6c75f0:(nil)] (../src/amf/gmm-handler.c:1628)
07/08 11:29:27.048: [amf] INFO: [imsi-999700000000009:1:13][0:0:NULL] /nsmf-pdusession/v1/sm-contexts/{smContextRef}/modify (../src/amf/nsmf-handler.c:983)
07/08 11:29:27.048: [amf] INFO: UE Context Release [Action:2] (../src/amf/ngap-handler.c:1961)
07/08 11:29:27.048: [amf] INFO:     RAN_UE_NGAP_ID[9] AMF_UE_NGAP_ID[47] (../src/amf/ngap-handler.c:1962)
07/08 11:29:27.048: [amf] INFO:     SUCI[suci-0-999-70-0000-0-0-0000000009] (../src/amf/ngap-handler.c:1966)
07/08 11:29:27.048: [amf] INFO: [Removed] Number of gNB-UEs is now 1 (../src/amf/context.c:2939)
07/08 11:29:27.050: [amf] INFO: Setup NF EndPoint(addr) [127.0.0.4:7777] (../src/amf/nsmf-handler.c:140)
07/08 11:29:27.056: [amf] INFO: [imsi-999700000000010:1:11][0:0:NULL] /nsmf-pdusession/v1/sm-contexts/{smContextRef}/modify (../src/amf/nsmf-handler.c:983)
07/08 11:29:37.226: [amf] INFO: [imsi-999700000000010:1:13][0:0:NULL] /nsmf-pdusession/v1/sm-contexts/{smContextRef}/modify (../src/amf/nsmf-handler.c:983)
07/08 11:29:37.226: [amf] INFO: UE Context Release [Action:2] (../src/amf/ngap-handler.c:1961)
07/08 11:29:37.226: [amf] INFO:     RAN_UE_NGAP_ID[10] AMF_UE_NGAP_ID[48] (../src/amf/ngap-handler.c:1962)
07/08 11:29:37.226: [amf] INFO:     SUCI[suci-0-999-70-0000-0-0-0000000010] (../src/amf/ngap-handler.c:1966)
07/08 11:29:37.226: [amf] INFO: [Removed] Number of gNB-UEs is now 0 (../src/amf/context.c:2939)
